Archive member included to satisfy reference by file (symbol)

/opt/devkitpro/libnx/lib/libnx.a(applet.o)
                              main.o (appletMainLoop)
/opt/devkitpro/libnx/lib/libnx.a(hid.o)
                              main.o (hidKeysDown)
/opt/devkitpro/libnx/lib/libnx.a(apm.o)
                              /opt/devkitpro/libnx/lib/libnx.a(applet.o) (apmExit)
/opt/devkitpro/libnx/lib/libnx.a(fatal.o)
                              /opt/devkitpro/libnx/lib/libnx.a(applet.o) (fatalSimple)
/opt/devkitpro/libnx/lib/libnx.a(sm.o)
                              /opt/devkitpro/libnx/lib/libnx.a(fatal.o) (smHasInitialized)
/opt/devkitpro/libnx/lib/libnx.a(hosversion.o)
                              /opt/devkitpro/libnx/lib/libnx.a(applet.o) (hosversionGet)
/opt/devkitpro/libnx/lib/libnx.a(env.o)
                              /opt/devkitpro/libnx/lib/libnx.a(applet.o) (envIsNso)
/opt/devkitpro/libnx/lib/libnx.a(console.o)
                              main.o (consoleInit)
/opt/devkitpro/libnx/lib/libnx.a(console_sw.o)
                              /opt/devkitpro/libnx/lib/libnx.a(console.o) (getDefaultConsoleRenderer)
/opt/devkitpro/libnx/lib/libnx.a(svc.o)
                              /opt/devkitpro/libnx/lib/libnx.a(applet.o) (svcExitProcess)
/opt/devkitpro/libnx/lib/libnx.a(switch_crt0.o)
                              (_start)
/opt/devkitpro/libnx/lib/libnx.a(default_font.bin.o)
                              /opt/devkitpro/libnx/lib/libnx.a(console.o) (default_font_bin)
/opt/devkitpro/libnx/lib/libnx.a(detect.o)
                              /opt/devkitpro/libnx/lib/libnx.a(fatal.o) (detectKernelVersion)
/opt/devkitpro/libnx/lib/libnx.a(shmem.o)
                              /opt/devkitpro/libnx/lib/libnx.a(hid.o) (shmemLoadRemote)
/opt/devkitpro/libnx/lib/libnx.a(wait.o)
                              /opt/devkitpro/libnx/lib/libnx.a(applet.o) (waitObjects)
/opt/devkitpro/libnx/lib/libnx.a(rwlock.o)
                              /opt/devkitpro/libnx/lib/libnx.a(hid.o) (rwlockReadLock)
/opt/devkitpro/libnx/lib/libnx.a(tmem.o)
                              /opt/devkitpro/libnx/lib/libnx.a(applet.o) (tmemCreate)
/opt/devkitpro/libnx/lib/libnx.a(mutex.o)
                              /opt/devkitpro/libnx/lib/libnx.a(detect.o) (mutexLock)
/opt/devkitpro/libnx/lib/libnx.a(virtmem.o)
                              /opt/devkitpro/libnx/lib/libnx.a(shmem.o) (virtmemReserve)
/opt/devkitpro/libnx/lib/libnx.a(event.o)
                              /opt/devkitpro/libnx/lib/libnx.a(applet.o) (eventLoadRemote)
/opt/devkitpro/libnx/lib/libnx.a(condvar.o)
                              /opt/devkitpro/libnx/lib/libnx.a(rwlock.o) (condvarWaitTimeout)
/opt/devkitpro/libnx/lib/libnx.a(framebuffer.o)
                              /opt/devkitpro/libnx/lib/libnx.a(console_sw.o) (framebufferMakeLinear)
/opt/devkitpro/libnx/lib/libnx.a(default_window.o)
                              /opt/devkitpro/libnx/lib/libnx.a(console_sw.o) (nwindowGetDefault)
/opt/devkitpro/libnx/lib/libnx.a(native_window.o)
                              /opt/devkitpro/libnx/lib/libnx.a(framebuffer.o) (nwindowIsValid)
/opt/devkitpro/libnx/lib/libnx.a(dynamic.o)
                              /opt/devkitpro/libnx/lib/libnx.a(switch_crt0.o) (__nx_dynamic)
/opt/devkitpro/libnx/lib/libnx.a(init.o)
                              /opt/devkitpro/libnx/lib/libnx.a(switch_crt0.o) (__libnx_init)
/opt/devkitpro/libnx/lib/libnx.a(newlib.o)
                              /opt/devkitpro/libnx/lib/libnx.a(init.o) (__libnx_init_time)
/opt/devkitpro/libnx/lib/libnx.a(argv.o)
                              /opt/devkitpro/libnx/lib/libnx.a(init.o) (argvSetup)
/opt/devkitpro/libnx/lib/libnx.a(fs_dev.o)
                              /opt/devkitpro/libnx/lib/libnx.a(init.o) (fsdevMountSdmc)
/opt/devkitpro/libnx/lib/libnx.a(decode_utf8.o)
                              /opt/devkitpro/libnx/lib/libnx.a(fs_dev.o) (decode_utf8)
/opt/devkitpro/libnx/lib/libnx.a(cache.o)
                              /opt/devkitpro/libnx/lib/libnx.a(framebuffer.o) (armDCacheFlush)
/opt/devkitpro/libnx/lib/libnx.a(exception.o)
                              /opt/devkitpro/libnx/lib/libnx.a(switch_crt0.o) (__libnx_exception_entry)
/opt/devkitpro/libnx/lib/libnx.a(readtp.o)
                              /opt/devkitpro/libnx/lib/libnx.a(fs_dev.o) (__aarch64_read_tp)
/opt/devkitpro/libnx/lib/libnx.a(thread.o)
                              /opt/devkitpro/libnx/lib/libnx.a(newlib.o) (threadCreate)
/opt/devkitpro/libnx/lib/libnx.a(nv.o)
                              /opt/devkitpro/libnx/lib/libnx.a(framebuffer.o) (nvExit)
/opt/devkitpro/libnx/lib/libnx.a(time.o)
                              /opt/devkitpro/libnx/lib/libnx.a(init.o) (timeExit)
/opt/devkitpro/libnx/lib/libnx.a(vi.o)
                              /opt/devkitpro/libnx/lib/libnx.a(default_window.o) (viExit)
/opt/devkitpro/libnx/lib/libnx.a(set.o)
                              /opt/devkitpro/libnx/lib/libnx.a(init.o) (setsysInitialize)
[...]
Memory Configuration

Name             Origin             Length             Attributes
*default*        0x0000000000000000 0xffffffffffffffff

Linker script and memory map

                0x0000000000000000                PROVIDE (__start__ = 0x0)
                0x0000000000000000                . = __start__
                0x0000000000000000                __code_start = .

.crt0           0x0000000000000000      0x158
 *(.crt0)
 .crt0          0x0000000000000000      0x158 /opt/devkitpro/libnx/lib/libnx.a(switch_crt0.o)
                0x0000000000000000                _start
                0x0000000000000120                __nx_exit
                0x0000000000000130                __nx_mod0
                0x0000000000000158                . = ALIGN (0x8)

.init           0x0000000000000158       0x38
 *(.init)
 .init          0x0000000000000158       0x18 /opt/devkitpro/devkitA64/bin/../lib/gcc/aarch64-none-elf/8.3.0/pic/crti.o
                0x0000000000000158                _init
 .init          0x0000000000000170       0x1c /opt/devkitpro/devkitA64/bin/../lib/gcc/aarch64-none-elf/8.3.0/pic/crtn.o
                0x0000000000000190                . = ALIGN (0x8)
 *fill*         0x000000000000018c        0x4 

.plt            0x0000000000000190        0x0
 *(.plt)
 .plt           0x0000000000000190        0x0 /opt/devkitpro/devkitA64/bin/../lib/gcc/aarch64-none-elf/8.3.0/pic/crti.o
 *(.iplt)
                0x0000000000000190                . = ALIGN (0x8)

.text           0x00000000000001c0    0x28ac8
 *(.text.unlikely .text.*_unlikely .text.unlikely.*)
 *(.text.exit .text.exit.*)
 .text.exit     0x00000000000001c0       0x38 /opt/devkitpro/devkitA64/bin/../lib/gcc/aarch64-none-elf/8.3.0/../../../../aarch64-none-elf/lib/pic/libg.a(lib_a-exit.o)
                0x00000000000001c0                exit
 *(.text.startup .text.startup.*)
 *fill*         0x00000000000001f8        0x8 
 .text.startup.main
                0x0000000000000200      0x42c main.o
                0x0000000000000200                main
 *(.text.hot .text.hot.*)
 *(.text .stub .text.* .gnu.linkonce.t.*)
 *fill*         0x000000000000062c        0x4 
 .text.deregister_tm_clones
                0x0000000000000630       0x2c /opt/devkitpro/devkitA64/bin/../lib/gcc/aarch64-none-elf/8.3.0/pic/crtbegin.o
 *fill*         0x000000000000065c        0x4 
 .text.register_tm_clones
                0x0000000000000660       0x38 /opt/devkitpro/devkitA64/bin/../lib/gcc/aarch64-none-elf/8.3.0/pic/crtbegin.o
 .text.__do_global_dtors_aux
                0x0000000000000698       0x48 /opt/devkitpro/devkitA64/bin/../lib/gcc/aarch64-none-elf/8.3.0/pic/crtbegin.o
 .text.frame_dummy
                0x00000000000006e0       0x34 /opt/devkitpro/devkitA64/bin/../lib/gcc/aarch64-none-elf/8.3.0/pic/crtbegin.o
 *fill*         0x0000000000000714        0xc 
 .text.strcheck
                0x0000000000000720       0xb4 main.o
                0x0000000000000720                strcheck
 *fill*         0x00000000000007d4        0xc 
 .text.ipcPrepareHeader
                0x00000000000007e0      0x220 /opt/devkitpro/libnx/lib/libnx.a(applet.o)
 .text.ipcParse
                0x0000000000000a00      0x22c /opt/devkitpro/libnx/lib/libnx.a(applet.o)
 *fill*         0x0000000000000c2c        0x4 
 .text.serviceIpcParse
                0x0000000000000c30       0xb0 /opt/devkitpro/libnx/lib/libnx.a(applet.o)
 .text.ipcConvertSessionToDomain
                0x0000000000000ce0       0x78 /opt/devkitpro/libnx/lib/libnx.a(applet.o)
 *fill*         0x0000000000000d58        0x8 
 .text.ipcCloneSession.constprop.52
                0x0000000000000d60       0x84 /opt/devkitpro/libnx/lib/libnx.a(applet.o)
 *fill*         0x0000000000000de4        0xc 
 .text.ipcCloseObjectById
                0x0000000000000df0       0x34 /opt/devkitpro/libnx/lib/libnx.a(applet.o)
 *fill*         0x0000000000000e24        0xc 
 .text.serviceClose
                0x0000000000000e30       0x6c /opt/devkitpro/libnx/lib/libnx.a(applet.o)
 *fill*         0x0000000000000e9c        0x4 
 .text._appletReceiveMessage
                0x0000000000000ea0      0x19c /opt/devkitpro/libnx/lib/libnx.a(applet.o)
 *fill*         0x000000000000103c        0x4 
 .text._appletCmdNoIO
                0x0000000000001040      0x164 /opt/devkitpro/libnx/lib/libnx.a(applet.o)
 *fill*         0x00000000000011a4        0xc 
 .text._appletGetOperationMode.constprop.43
                0x00000000000011b0      0x18c /opt/devkitpro/libnx/lib/libnx.a(applet.o)
 *fill*         0x000000000000133c        0x4 
 .text._appletGetCurrentFocusState.constprop.45
                0x0000000000001340      0x18c /opt/devkitpro/libnx/lib/libnx.a(applet.o)
 *fill*         0x00000000000014cc        0x4 
 .text._appletGetPerformanceMode.constprop.44
                0x00000000000014d0      0x18c /opt/devkitpro/libnx/lib/libnx.a(applet.o)
 *fill*         0x000000000000165c        0x4 
 .text._appletGetSession
                0x0000000000001660      0x1d8 /opt/devkitpro/libnx/lib/libnx.a(applet.o)
 *fill*         0x0000000000001838        0x8 
 .text._appletCmdNoInOut64
                0x0000000000001840      0x17c /opt/devkitpro/libnx/lib/libnx.a(applet.o)
 *fill*         0x00000000000019bc        0x4 
 .text._appletSetOperationModeChangedNotification.constprop.46
                0x00000000000019c0      0x164 /opt/devkitpro/libnx/lib/libnx.a(applet.o)
 *fill*         0x0000000000001b24        0xc 
 .text._appletSetOutOfFocusSuspendingEnabled
                0x0000000000001b30      0x16c /opt/devkitpro/libnx/lib/libnx.a(applet.o)
 *fill*         0x0000000000001c9c        0x4 
 .text._appletSetPerformanceModeChangedNotification.constprop.47
                0x0000000000001ca0      0x164 /opt/devkitpro/libnx/lib/libnx.a(applet.o)
 *fill*         0x0000000000001e04        0xc 
 .text._appletCmdInU32.constprop.48
                0x0000000000001e10      0x16c /opt/devkitpro/libnx/lib/libnx.a(applet.o)
 *fill*         0x0000000000001f7c        0x4 
 .text._appletSetFocusHandlingMode
                0x0000000000001f80      0x17c /opt/devkitpro/libnx/lib/libnx.a(applet.o)
 *fill*         0x00000000000020fc        0x4 
 .text._appletGetHandle.constprop.42
                0x0000000000002100      0x178 /opt/devkitpro/libnx/lib/libnx.a(applet.o)
 *fill*         0x0000000000002278        0x8 
 .text._appletGetEvent.constprop.41
                0x0000000000002280       0x54 /opt/devkitpro/libnx/lib/libnx.a(applet.o)
 *fill*         0x00000000000022d4        0xc 
 .text._appletGetSessionProxy.constprop.40
                0x00000000000022e0      0x1f0 /opt/devkitpro/libnx/lib/libnx.a(applet.o)
 .text.appletGetAppletType
                0x00000000000024d0       0x10 /opt/devkitpro/libnx/lib/libnx.a(applet.o)
                0x00000000000024d0                appletGetAppletType
 .text.appletSetFocusHandlingMode
                0x00000000000024e0       0xf0 /opt/devkitpro/libnx/lib/libnx.a(applet.o)
                0x00000000000024e0                appletSetFocusHandlingMode
 .text.appletGetAppletResourceUserId
                0x00000000000025d0       0x28 /opt/devkitpro/libnx/lib/libnx.a(applet.o)
                0x00000000000025d0                appletGetAppletResourceUserId
 *fill*         0x00000000000025f8        0x8 
 .text.appletNotifyRunning
                0x0000000000002600      0x174 /opt/devkitpro/libnx/lib/libnx.a(applet.o)
                0x0000000000002600                appletNotifyRunning
 *fill*         0x0000000000002774        0xc 
 .text.appletSetGamePlayRecordingState
                0x0000000000002780      0x158 /opt/devkitpro/libnx/lib/libnx.a(applet.o)
                0x0000000000002780                appletSetGamePlayRecordingState
 *fill*         0x00000000000028d8        0x8 
 .text.appletSetCpuBoostMode
                0x00000000000028e0       0x50 /opt/devkitpro/libnx/lib/libnx.a(applet.o)
                0x00000000000028e0                appletSetCpuBoostMode
 .text.appletExit
                0x0000000000002930      0x5dc /opt/devkitpro/libnx/lib/libnx.a(applet.o)
                0x0000000000002930                appletExit
 *fill*         0x0000000000002f0c        0x4 
 .text.appletInitialize
                0x0000000000002f10      0x4f0 /opt/devkitpro/libnx/lib/libnx.a(applet.o)
                0x0000000000002f10                appletInitialize
 .text._appletExitProcess
                0x0000000000003400       0x10 /opt/devkitpro/libnx/lib/libnx.a(applet.o)
 .text.appletCreateManagedDisplayLayer
                0x0000000000003410       0x14 /opt/devkitpro/libnx/lib/libnx.a(applet.o)
                0x0000000000003410                appletCreateManagedDisplayLayer
 *fill*         0x0000000000003424        0xc 
 .text.appletGetMessage
                0x0000000000003430       0x5c /opt/devkitpro/libnx/lib/libnx.a(applet.o)
                0x0000000000003430                appletGetMessage
 *fill*         0x000000000000348c        0x4 
 .text.appletProcessMessage
                0x0000000000003490      0x118 /opt/devkitpro/libnx/lib/libnx.a(applet.o)
                0x0000000000003490                appletProcessMessage
 *fill*         0x00000000000035a8        0x8 
 .text.appletMainLoop
                0x00000000000035b0       0x34 /opt/devkitpro/libnx/lib/libnx.a(applet.o)
                0x00000000000035b0                appletMainLoop
 *fill*         0x00000000000035e4        0xc 
 .text.ipcCloseObjectById
                0x00000000000035f0       0x34 /opt/devkitpro/libnx/lib/libnx.a(hid.o)
 *fill*         0x0000000000003624        0xc 
 .text._hidGetSharedMemoryHandle.constprop.10
                0x0000000000003630      0x124 /opt/devkitpro/libnx/lib/libnx.a(hid.o)
 *fill*         0x0000000000003754        0xc 
 .text._hidCmdWithNoInput
                0x0000000000003760      0x100 /opt/devkitpro/libnx/lib/libnx.a(hid.o)
 .text._hidCreateAppletResource.constprop.9
                0x0000000000003860      0x134 /opt/devkitpro/libnx/lib/libnx.a(hid.o)
 *fill*         0x0000000000003994        0xc 
 .text._hidCmdWithInputU32
                0x00000000000039a0      0x10c /opt/devkitpro/libnx/lib/libnx.a(hid.o)
 *fill*         0x0000000000003aac        0x4 
 .text._hidCmdWithInputU64.constprop.11
                0x0000000000003ab0      0x108 /opt/devkitpro/libnx/lib/libnx.a(hid.o)
 *fill*         0x0000000000003bb8        0x8 
 .text.hidReset
                0x0000000000003bc0      0x1e0 /opt/devkitpro/libnx/lib/libnx.a(hid.o)
                0x0000000000003bc0                hidReset
 .text.hidGetSharedmemAddr
                0x0000000000003da0        0xc /opt/devkitpro/libnx/lib/libnx.a(hid.o)
                0x0000000000003da0                hidGetSharedmemAddr
 *fill*         0x0000000000003dac        0x4 
 .text.hidKeysDown
                0x0000000000003db0       0x6c /opt/devkitpro/libnx/lib/libnx.a(hid.o)
                0x0000000000003db0                hidKeysDown
 *fill*         0x0000000000003e1c        0x4 
 .text.hidTouchCount
                0x0000000000003e20        0xc /opt/devkitpro/libnx/lib/libnx.a(hid.o)
                0x0000000000003e20                hidTouchCount
 *fill*         0x0000000000003e2c        0x4 
 .text.hidScanInput
                0x0000000000003e30      0x578 /opt/devkitpro/libnx/lib/libnx.a(hid.o)
                0x0000000000003e30                hidScanInput
 *fill*         0x00000000000043a8        0x8 
 .text.hidSetSupportedNpadIdType
                0x00000000000043b0      0x198 /opt/devkitpro/libnx/lib/libnx.a(hid.o)
                0x00000000000043b0                hidSetSupportedNpadIdType
 *fill*         0x0000000000004548        0x8 
 .text.hidSetSupportedNpadStyleSet
                0x0000000000004550        0xc /opt/devkitpro/libnx/lib/libnx.a(hid.o)
                0x0000000000004550                hidSetSupportedNpadStyleSet
 *fill*         0x000000000000455c        0x4 
 .text.hidSetNpadJoyHoldType
                0x0000000000004560        0x8 /opt/devkitpro/libnx/lib/libnx.a(hid.o)
                0x0000000000004560                hidSetNpadJoyHoldType
 *fill*         0x0000000000004568        0x8 
 .text.hidSetNpadJoyAssignmentModeDual
                0x0000000000004570        0xc /opt/devkitpro/libnx/lib/libnx.a(hid.o)
                0x0000000000004570                hidSetNpadJoyAssignmentModeDual
 *fill*         0x000000000000457c        0x4 
 .text.hidExit  0x0000000000004580      0x12c /opt/devkitpro/libnx/lib/libnx.a(hid.o)
                0x0000000000004580                hidExit
 *fill*         0x00000000000046ac        0x4 
 .text.hidInitialize
                0x00000000000046b0      0x168 /opt/devkitpro/libnx/lib/libnx.a(hid.o)
                0x00000000000046b0                hidInitialize
 *fill*         0x0000000000004818        0x8 
 .text.ipcCloseObjectById
                0x0000000000004820       0x34 /opt/devkitpro/libnx/lib/libnx.a(apm.o)
 *fill*         0x0000000000004854        0xc 
 .text._apmGetSession.constprop.4
                0x0000000000004860      0x124 /opt/devkitpro/libnx/lib/libnx.a(apm.o)
 *fill*         0x0000000000004984        0xc 
 .text.apmExit  0x0000000000004990       0xf0 /opt/devkitpro/libnx/lib/libnx.a(apm.o)
                0x0000000000004990                apmExit
 .text.apmInitialize
                0x0000000000004a80       0x70 /opt/devkitpro/libnx/lib/libnx.a(apm.o)
                0x0000000000004a80                apmInitialize
 .text.apmSetPerformanceConfiguration
                0x0000000000004af0       0xcc /opt/devkitpro/libnx/lib/libnx.a(apm.o)
                0x0000000000004af0                apmSetPerformanceConfiguration
 *fill*         0x0000000000004bbc        0x4 
 .text._fatalImpl
                0x0000000000004bc0      0x140 /opt/devkitpro/libnx/lib/libnx.a(fatal.o)
 .text.fatalWithType
                0x0000000000004d00       0x14 /opt/devkitpro/libnx/lib/libnx.a(fatal.o)
                0x0000000000004d00                fatalWithType
 *fill*         0x0000000000004d14        0xc 
 .text.fatalSimple
                0x0000000000004d20       0x14 /opt/devkitpro/libnx/lib/libnx.a(fatal.o)
                0x0000000000004d20                fatalSimple
 *fill*         0x0000000000004d34        0xc 
 .text.smAddOverrideHandle
                0x0000000000004d40       0x44 /opt/devkitpro/libnx/lib/libnx.a(sm.o)
                0x0000000000004d40                smAddOverrideHandle
 *fill*         0x0000000000004d84        0xc 
 .text.smGetServiceOverride
                0x0000000000004d90       0x60 /opt/devkitpro/libnx/lib/libnx.a(sm.o)
                0x0000000000004d90                smGetServiceOverride
 .text.smHasInitialized
                0x0000000000004df0       0x14 /opt/devkitpro/libnx/lib/libnx.a(sm.o)
                0x0000000000004df0                smHasInitialized
 *fill*         0x0000000000004e04        0xc 
 .text.smExit   0x0000000000004e10       0x5c /opt/devkitpro/libnx/lib/libnx.a(sm.o)
                0x0000000000004e10                smExit
 *fill*         0x0000000000004e6c        0x4 
 .text.smEncodeName
                0x0000000000004e70       0x38 /opt/devkitpro/libnx/lib/libnx.a(sm.o)
                0x0000000000004e70                smEncodeName
 *fill*         0x0000000000004ea8        0x8 
 .text.smGetServiceOriginal
                0x0000000000004eb0      0x12c /opt/devkitpro/libnx/lib/libnx.a(sm.o)
                0x0000000000004eb0                smGetServiceOriginal
 *fill*         0x0000000000004fdc        0x4 
 .text.smInitialize
                0x0000000000004fe0      0x1a0 /opt/devkitpro/libnx/lib/libnx.a(sm.o)
                0x0000000000004fe0                smInitialize
 .text.smGetService
                0x0000000000005180       0x74 /opt/devkitpro/libnx/lib/libnx.a(sm.o)
                0x0000000000005180                smGetService
 *fill*         0x00000000000051f4        0xc 
 .text.hosversionGet
                0x0000000000005200       0x10 /opt/devkitpro/libnx/lib/libnx.a(hosversion.o)
                0x0000000000005200                hosversionGet
 .text.hosversionSet
                0x0000000000005210       0x10 /opt/devkitpro/libnx/lib/libnx.a(hosversion.o)
                0x0000000000005210                hosversionSet
 .text.envSetup
                0x0000000000005220      0x208 /opt/devkitpro/libnx/lib/libnx.a(env.o)
                0x0000000000005220                envSetup
 *fill*         0x0000000000005428        0x8 
 .text.envGetMainThreadHandle
                0x0000000000005430       0x20 /opt/devkitpro/libnx/lib/libnx.a(env.o)
                0x0000000000005430                envGetMainThreadHandle
 .text.envIsNso
                0x0000000000005450        0xc /opt/devkitpro/libnx/lib/libnx.a(env.o)
                0x0000000000005450                envIsNso
 *fill*         0x000000000000545c        0x4 
 .text.envHasHeapOverride
                0x0000000000005460       0x14 /opt/devkitpro/libnx/lib/libnx.a(env.o)
                0x0000000000005460                envHasHeapOverride
 *fill*         0x0000000000005474        0xc 
 .text.envGetHeapOverrideAddr
                0x0000000000005480        0xc /opt/devkitpro/libnx/lib/libnx.a(env.o)
                0x0000000000005480                envGetHeapOverrideAddr
 *fill*         0x000000000000548c        0x4 
 .text.envGetHeapOverrideSize
                0x0000000000005490        0xc /opt/devkitpro/libnx/lib/libnx.a(env.o)
                0x0000000000005490                envGetHeapOverrideSize
 *fill*         0x000000000000549c        0x4 
 .text.envHasArgv
                0x00000000000054a0       0x14 /opt/devkitpro/libnx/lib/libnx.a(env.o)
                0x00000000000054a0                envHasArgv
 *fill*         0x00000000000054b4        0xc 
 .text.envGetArgv
                0x00000000000054c0        0xc /opt/devkitpro/libnx/lib/libnx.a(env.o)
                0x00000000000054c0                envGetArgv
 *fill*         0x00000000000054cc        0x4 
 .text.envGetExitFuncPtr
                0x00000000000054d0        0xc /opt/devkitpro/libnx/lib/libnx.a(env.o)
                0x00000000000054d0                envGetExitFuncPtr
 *fill*         0x00000000000054dc        0x4 
 .text.envSetExitFuncPtr
                0x00000000000054e0        0xc /opt/devkitpro/libnx/lib/libnx.a(env.o)
                0x00000000000054e0                envSetExitFuncPtr
 *fill*         0x00000000000054ec        0x4 
 .text.consoleDrawChar
                0x00000000000054f0       0x44 /opt/devkitpro/libnx/lib/libnx.a(console.o)
 *fill*         0x0000000000005534        0xc 
 .text.consoleClearLine
                0x0000000000005540      0x140 /opt/devkitpro/libnx/lib/libnx.a(console.o)
 .text.consoleNewRow
                0x0000000000005680       0x4c /opt/devkitpro/libnx/lib/libnx.a(console.o)
 *fill*         0x00000000000056cc        0x4 
 .text.consolePrintChar
                0x00000000000056d0      0x118 /opt/devkitpro/libnx/lib/libnx.a(console.o)
 *fill*         0x00000000000057e8        0x8 
 .text.consoleCls
                0x00000000000057f0      0x15c /opt/devkitpro/libnx/lib/libnx.a(console.o)
 *fill*         0x000000000000594c        0x4 
 .text.con_write
                0x0000000000005950      0x7e0 /opt/devkitpro/libnx/lib/libnx.a(console.o)
 .text.consoleInit
                0x0000000000006130      0x11c /opt/devkitpro/libnx/lib/libnx.a(console.o)
                0x0000000000006130                consoleInit
 *fill*         0x000000000000624c        0x4 
 .text.consoleExit
                0x0000000000006250       0x48 /opt/devkitpro/libnx/lib/libnx.a(console.o)
                0x0000000000006250                consoleExit
 *fill*         0x0000000000006298        0x8 
 .text.consoleUpdate
                0x00000000000062a0       0x28 /opt/devkitpro/libnx/lib/libnx.a(console.o)
                0x00000000000062a0                consoleUpdate
 *fill*         0x00000000000062c8        0x8 
 .text.ConsoleSwRenderer_flushAndSwap
                0x00000000000062d0       0x70 /opt/devkitpro/libnx/lib/libnx.a(console_sw.o)
 .text.ConsoleSwRenderer_scrollWindow
                0x0000000000006340       0xc4 /opt/devkitpro/libnx/lib/libnx.a(console_sw.o)
 *fill*         0x0000000000006404        0xc 
 .text.ConsoleSwRenderer_drawChar
                0x0000000000006410      0x188 /opt/devkitpro/libnx/lib/libnx.a(console_sw.o)
 *fill*         0x0000000000006598        0x8 
 .text.ConsoleSwRenderer_deinit
                0x00000000000065a0       0x3c /opt/devkitpro/libnx/lib/libnx.a(console_sw.o)
 *fill*         0x00000000000065dc        0x4 
 .text.ConsoleSwRenderer_init
                0x00000000000065e0       0xf4 /opt/devkitpro/libnx/lib/libnx.a(console_sw.o)
 *fill*         0x00000000000066d4        0xc 
 .text.getDefaultConsoleRenderer
                0x00000000000066e0        0xc /opt/devkitpro/libnx/lib/libnx.a(console_sw.o)
                0x00000000000066e0                getDefaultConsoleRenderer
 .text.svcSetHeapSize
                0x00000000000066ec       0x14 /opt/devkitpro/libnx/lib/libnx.a(svc.o)
                0x00000000000066ec                svcSetHeapSize
 .text.svcSetMemoryAttribute
                0x0000000000006700        0x8 /opt/devkitpro/libnx/lib/libnx.a(svc.o)
                0x0000000000006700                svcSetMemoryAttribute
 .text.svcUnmapMemory
                0x0000000000006708        0x8 /opt/devkitpro/libnx/lib/libnx.a(svc.o)
                0x0000000000006708                svcUnmapMemory
 .text.svcQueryMemory
                0x0000000000006710       0x14 /opt/devkitpro/libnx/lib/libnx.a(svc.o)
                0x0000000000006710                svcQueryMemory
 .text.svcExitProcess
                0x0000000000006724        0x8 /opt/devkitpro/libnx/lib/libnx.a(svc.o)
                0x0000000000006724                svcExitProcess
 .text.svcSleepThread
                0x000000000000672c        0x8 /opt/devkitpro/libnx/lib/libnx.a(svc.o)
                0x000000000000672c                svcSleepThread
 .text.svcMapSharedMemory
                0x0000000000006734        0x8 /opt/devkitpro/libnx/lib/libnx.a(svc.o)
                0x0000000000006734                svcMapSharedMemory
 .text.svcUnmapSharedMemory
                0x000000000000673c        0x8 /opt/devkitpro/libnx/lib/libnx.a(svc.o)
                0x000000000000673c                svcUnmapSharedMemory
 .text.svcCreateTransferMemory
                0x0000000000006744       0x14 /opt/devkitpro/libnx/lib/libnx.a(svc.o)
                0x0000000000006744                svcCreateTransferMemory
 .text.svcCloseHandle
                0x0000000000006758        0x8 /opt/devkitpro/libnx/lib/libnx.a(svc.o)
                0x0000000000006758                svcCloseHandle
 .text.svcResetSignal
                0x0000000000006760        0x8 /opt/devkitpro/libnx/lib/libnx.a(svc.o)
                0x0000000000006760                svcResetSignal
 .text.svcWaitSynchronization
                0x0000000000006768       0x14 /opt/devkitpro/libnx/lib/libnx.a(svc.o)
                0x0000000000006768                svcWaitSynchronization
 .text.svcArbitrateLock
                0x000000000000677c        0x8 /opt/devkitpro/libnx/lib/libnx.a(svc.o)
                0x000000000000677c                svcArbitrateLock
 .text.svcArbitrateUnlock
                0x0000000000006784        0x8 /opt/devkitpro/libnx/lib/libnx.a(svc.o)
                0x0000000000006784                svcArbitrateUnlock
 .text.svcWaitProcessWideKeyAtomic
                0x000000000000678c        0x8 /opt/devkitpro/libnx/lib/libnx.a(svc.o)
                0x000000000000678c                svcWaitProcessWideKeyAtomic
 .text.svcSignalProcessWideKey
                0x0000000000006794        0x8 /opt/devkitpro/libnx/lib/libnx.a(svc.o)
                0x0000000000006794                svcSignalProcessWideKey
 .text.svcConnectToNamedPort
                0x000000000000679c       0x14 /opt/devkitpro/libnx/lib/libnx.a(svc.o)
                0x000000000000679c                svcConnectToNamedPort
 .text.svcSendSyncRequest
                0x00000000000067b0        0x8 /opt/devkitpro/libnx/lib/libnx.a(svc.o)
                0x00000000000067b0                svcSendSyncRequest
 .text.svcBreak
                0x00000000000067b8        0x8 /opt/devkitpro/libnx/lib/libnx.a(svc.o)
                0x00000000000067b8                svcBreak
 .text.svcReturnFromException
                0x00000000000067c0        0x8 /opt/devkitpro/libnx/lib/libnx.a(svc.o)
                0x00000000000067c0                svcReturnFromException
 .text.svcGetInfo
                0x00000000000067c8       0x14 /opt/devkitpro/libnx/lib/libnx.a(svc.o)
                0x00000000000067c8                svcGetInfo
 .text.svcUnmapTransferMemory
                0x00000000000067dc        0x8 /opt/devkitpro/libnx/lib/libnx.a(svc.o)
                0x00000000000067dc                svcUnmapTransferMemory
 *fill*         0x00000000000067e4        0xc 
 .text.detectKernelVersion
                0x00000000000067f0      0x17c /opt/devkitpro/libnx/lib/libnx.a(detect.o)
                0x00000000000067f0                detectKernelVersion
 *fill*         0x000000000000696c        0x4 
 .text.detectDebugger
                0x0000000000006970       0x30 /opt/devkitpro/libnx/lib/libnx.a(detect.o)
                0x0000000000006970                detectDebugger
 .text.shmemLoadRemote
                0x00000000000069a0       0x14 /opt/devkitpro/libnx/lib/libnx.a(shmem.o)
                0x00000000000069a0                shmemLoadRemote
 *fill*         0x00000000000069b4        0xc 
 .text.shmemMap
                0x00000000000069c0       0x84 /opt/devkitpro/libnx/lib/libnx.a(shmem.o)
                0x00000000000069c0                shmemMap
 *fill*         0x0000000000006a44        0xc 
 .text.shmemUnmap
                0x0000000000006a50       0x58 /opt/devkitpro/libnx/lib/libnx.a(shmem.o)
                0x0000000000006a50                shmemUnmap
 *fill*         0x0000000000006aa8        0x8 
 .text.shmemClose
                0x0000000000006ab0       0x44 /opt/devkitpro/libnx/lib/libnx.a(shmem.o)
                0x0000000000006ab0                shmemClose
 *fill*         0x0000000000006af4        0xc 
 .text._waitLoop
                0x0000000000006b00      0x104 /opt/devkitpro/libnx/lib/libnx.a(wait.o)
 *fill*         0x0000000000006c04        0xc 
 .text._waitObjectsImpl
                0x0000000000006c10      0x338 /opt/devkitpro/libnx/lib/libnx.a(wait.o)
 *fill*         0x0000000000006f48        0x8 
 .text.waitObjects
                0x0000000000006f50        0xc /opt/devkitpro/libnx/lib/libnx.a(wait.o)
                0x0000000000006f50                waitObjects
 *fill*         0x0000000000006f5c        0x4 
 .text.rwlockReadLock
                0x0000000000006f60       0x58 /opt/devkitpro/libnx/lib/libnx.a(rwlock.o)
                0x0000000000006f60                rwlockReadLock
 *fill*         0x0000000000006fb8        0x8 
 .text.rwlockReadUnlock
                0x0000000000006fc0       0x5c /opt/devkitpro/libnx/lib/libnx.a(rwlock.o)
                0x0000000000006fc0                rwlockReadUnlock
 *fill*         0x000000000000701c        0x4 
 .text.rwlockWriteLock
                0x0000000000007020       0x84 /opt/devkitpro/libnx/lib/libnx.a(rwlock.o)
                0x0000000000007020                rwlockWriteLock
 *fill*         0x00000000000070a4        0xc 
 .text.rwlockWriteUnlock
                0x00000000000070b0       0x3c /opt/devkitpro/libnx/lib/libnx.a(rwlock.o)
                0x00000000000070b0                rwlockWriteUnlock
 *fill*         0x00000000000070ec        0x4 
 .text.tmemCreate
                0x00000000000070f0       0xa8 /opt/devkitpro/libnx/lib/libnx.a(tmem.o)
                0x00000000000070f0                tmemCreate
 *fill*         0x0000000000007198        0x8 
 .text.tmemUnmap
                0x00000000000071a0       0x58 /opt/devkitpro/libnx/lib/libnx.a(tmem.o)
                0x00000000000071a0                tmemUnmap
 *fill*         0x00000000000071f8        0x8 
 .text.tmemClose
                0x0000000000007200       0x68 /opt/devkitpro/libnx/lib/libnx.a(tmem.o)
                0x0000000000007200                tmemClose
 *fill*         0x0000000000007268        0x8 
 .text.mutexLock
                0x0000000000007270       0x8c /opt/devkitpro/libnx/lib/libnx.a(mutex.o)
                0x0000000000007270                mutexLock
 *fill*         0x00000000000072fc        0x4 
 .text.mutexUnlock
                0x0000000000007300       0x30 /opt/devkitpro/libnx/lib/libnx.a(mutex.o)
                0x0000000000007300                mutexUnlock
 .text.rmutexLock
                0x0000000000007330       0x4c /opt/devkitpro/libnx/lib/libnx.a(mutex.o)
                0x0000000000007330                rmutexLock
 *fill*         0x000000000000737c        0x4 
 .text.rmutexUnlock
                0x0000000000007380       0x1c /opt/devkitpro/libnx/lib/libnx.a(mutex.o)
                0x0000000000007380                rmutexUnlock
 *fill*         0x000000000000739c        0x4 
 .text._GetRegionFromInfo.isra.1
                0x00000000000073a0       0x7c /opt/devkitpro/libnx/lib/libnx.a(virtmem.o)
 *fill*         0x000000000000741c        0x4 
 .text.virtmemSetup
                0x0000000000007420      0x114 /opt/devkitpro/libnx/lib/libnx.a(virtmem.o)
                0x0000000000007420                virtmemSetup
 *fill*         0x0000000000007534        0xc 
 .text.virtmemReserve
                0x0000000000007540      0x13c /opt/devkitpro/libnx/lib/libnx.a(virtmem.o)
                0x0000000000007540                virtmemReserve
 *fill*         0x000000000000767c        0x4 
 .text.virtmemFree
                0x0000000000007680        0x4 /opt/devkitpro/libnx/lib/libnx.a(virtmem.o)
                0x0000000000007680                virtmemFree
 *fill*         0x0000000000007684        0xc 
 .text.eventLoadRemote
                0x0000000000007690        0xc /opt/devkitpro/libnx/lib/libnx.a(event.o)
                0x0000000000007690                eventLoadRemote
 *fill*         0x000000000000769c        0x4 
 .text.eventWait
                0x00000000000076a0       0x38 /opt/devkitpro/libnx/lib/libnx.a(event.o)
                0x00000000000076a0                eventWait
 *fill*         0x00000000000076d8        0x8 
 .text.eventClose
                0x00000000000076e0       0x50 /opt/devkitpro/libnx/lib/libnx.a(event.o)
                0x00000000000076e0                eventClose
 .text.condvarWaitTimeout
                0x0000000000007730       0x60 /opt/devkitpro/libnx/lib/libnx.a(condvar.o)
                0x0000000000007730                condvarWaitTimeout
 .text.framebufferMakeLinear
                0x0000000000007790       0x80 /opt/devkitpro/libnx/lib/libnx.a(framebuffer.o)
                0x0000000000007790                framebufferMakeLinear
 .text.framebufferClose
                0x0000000000007810       0x78 /opt/devkitpro/libnx/lib/libnx.a(framebuffer.o)
                0x0000000000007810                framebufferClose
 *fill*         0x0000000000007888        0x8 
 .text.framebufferCreate
                0x0000000000007890      0x298 /opt/devkitpro/libnx/lib/libnx.a(framebuffer.o)
                0x0000000000007890                framebufferCreate
 *fill*         0x0000000000007b28        0x8 
 .text.framebufferBegin
                0x0000000000007b30       0x80 /opt/devkitpro/libnx/lib/libnx.a(framebuffer.o)
                0x0000000000007b30                framebufferBegin
 .text.framebufferEnd
                0x0000000000007bb0      0x17c /opt/devkitpro/libnx/lib/libnx.a(framebuffer.o)
                0x0000000000007bb0                framebufferEnd
 *fill*         0x0000000000007d2c        0x4 
 .text.nwindowGetDefault
                0x0000000000007d30        0xc /opt/devkitpro/libnx/lib/libnx.a(default_window.o)
                0x0000000000007d30                nwindowGetDefault
 *fill*         0x0000000000007d3c        0x4 
 .text.__nx_win_init
                0x0000000000007d40       0xc8 /opt/devkitpro/libnx/lib/libnx.a(default_window.o)
                0x0000000000007d40                __nx_win_init
 *fill*         0x0000000000007e08        0x8 
 .text.__nx_win_exit
                0x0000000000007e10       0x34 /opt/devkitpro/libnx/lib/libnx.a(default_window.o)
                0x0000000000007e10                __nx_win_exit
 *fill*         0x0000000000007e44        0xc 
 .text._nwindowConnect
                0x0000000000007e50       0x54 /opt/devkitpro/libnx/lib/libnx.a(native_window.o)
 *fill*         0x0000000000007ea4        0xc 
 .text._nwindowDisconnect
                0x0000000000007eb0       0x40 /opt/devkitpro/libnx/lib/libnx.a(native_window.o)
 .text.nwindowIsValid
                0x0000000000007ef0       0x24 /opt/devkitpro/libnx/lib/libnx.a(native_window.o)
                0x0000000000007ef0                nwindowIsValid
 *fill*         0x0000000000007f14        0xc 
 .text.nwindowClose
                0x0000000000007f20       0x6c /opt/devkitpro/libnx/lib/libnx.a(native_window.o)
                0x0000000000007f20                nwindowClose
 *fill*         0x0000000000007f8c        0x4 
 .text.nwindowCreate
                0x0000000000007f90       0xc4 /opt/devkitpro/libnx/lib/libnx.a(native_window.o)
                0x0000000000007f90                nwindowCreate
 *fill*         0x0000000000008054        0xc 
 .text.nwindowCreateFromLayer
                0x0000000000008060        0xc /opt/devkitpro/libnx/lib/libnx.a(native_window.o)
                0x0000000000008060                nwindowCreateFromLayer
 *fill*         0x000000000000806c        0x4 
 .text.nwindowSetDimensions
                0x0000000000008070       0x88 /opt/devkitpro/libnx/lib/libnx.a(native_window.o)
                0x0000000000008070                nwindowSetDimensions
 *fill*         0x00000000000080f8        0x8 
 .text.nwindowConfigureBuffer
                0x0000000000008100      0x154 /opt/devkitpro/libnx/lib/libnx.a(native_window.o)
                0x0000000000008100                nwindowConfigureBuffer
 *fill*         0x0000000000008254        0xc 
 .text.nwindowDequeueBuffer
                0x0000000000008260      0x1e4 /opt/devkitpro/libnx/lib/libnx.a(native_window.o)
                0x0000000000008260                nwindowDequeueBuffer
 *fill*         0x0000000000008444        0xc 
 .text.nwindowQueueBuffer
                0x0000000000008450      0x144 /opt/devkitpro/libnx/lib/libnx.a(native_window.o)
                0x0000000000008450                nwindowQueueBuffer
 *fill*         0x0000000000008594        0xc 
 .text.nwindowReleaseBuffers
                0x00000000000085a0       0xac /opt/devkitpro/libnx/lib/libnx.a(native_window.o)
                0x00000000000085a0                nwindowReleaseBuffers
 *fill*         0x000000000000864c        0x4 
 .text.__nx_dynamic
                0x0000000000008650       0xa0 /opt/devkitpro/libnx/lib/libnx.a(dynamic.o)
                0x0000000000008650                __nx_dynamic
 .text.__libnx_initheap
                0x00000000000086f0       0xd8 /opt/devkitpro/libnx/lib/libnx.a(init.o)
                0x00000000000086f0                __libnx_initheap
 *fill*         0x00000000000087c8        0x8 
 .text.__appInit
                0x00000000000087d0       0xdc /opt/devkitpro/libnx/lib/libnx.a(init.o)
                0x00000000000087d0                __appInit
 *fill*         0x00000000000088ac        0x4 
 .text.__appExit
                0x00000000000088b0       0x44 /opt/devkitpro/libnx/lib/libnx.a(init.o)
                0x00000000000088b0                __appExit
 *fill*         0x00000000000088f4        0xc 
 .text.__libnx_init
                0x0000000000008900       0x28 /opt/devkitpro/libnx/lib/libnx.a(init.o)
                0x0000000000008900                __libnx_init
 *fill*         0x0000000000008928        0x8 
 .text.__libnx_exit
                0x0000000000008930       0x20 /opt/devkitpro/libnx/lib/libnx.a(init.o)
                0x0000000000008930                __libnx_exit
 .text.__syscall_exit
                0x0000000000008950       0x1c /opt/devkitpro/libnx/lib/libnx.a(newlib.o)
                0x0000000000008950                __syscall_exit
 *fill*         0x000000000000896c        0x4 
 .text.__syscall_getreent
                0x0000000000008970       0x34 /opt/devkitpro/libnx/lib/libnx.a(newlib.o)
                0x0000000000008970                __syscall_getreent
 *fill*         0x00000000000089a4        0xc 
 .text.__syscall_lock_acquire
                0x00000000000089b0        0x4 /opt/devkitpro/libnx/lib/libnx.a(newlib.o)
                0x00000000000089b0                __syscall_lock_acquire
 *fill*         0x00000000000089b4        0xc 
 .text.__syscall_lock_release
                0x00000000000089c0        0x4 /opt/devkitpro/libnx/lib/libnx.a(newlib.o)
                0x00000000000089c0                __syscall_lock_release
 *fill*         0x00000000000089c4        0xc 
 .text.__syscall_lock_acquire_recursive
                0x00000000000089d0        0x4 /opt/devkitpro/libnx/lib/libnx.a(newlib.o)
                0x00000000000089d0                __syscall_lock_acquire_recursive
 *fill*         0x00000000000089d4        0xc 
 .text.__syscall_lock_release_recursive
                0x00000000000089e0        0x4 /opt/devkitpro/libnx/lib/libnx.a(newlib.o)
                0x00000000000089e0                __syscall_lock_release_recursive
 *fill*         0x00000000000089e4        0xc 
 .text.__libnx_init_time
                0x00000000000089f0      0x27c /opt/devkitpro/libnx/lib/libnx.a(newlib.o)
                0x00000000000089f0                __libnx_init_time
 *fill*         0x0000000000008c6c        0x4 
 .text.newlibSetup
                0x0000000000008c70       0x80 /opt/devkitpro/libnx/lib/libnx.a(newlib.o)
                0x0000000000008c70                newlibSetup
 .text.argvSetup
                0x0000000000008cf0      0x324 /opt/devkitpro/libnx/lib/libnx.a(argv.o)
                0x0000000000008cf0                argvSetup
 *fill*         0x0000000000009014        0xc 
 .text.fsdev_link
                0x0000000000009020       0x10 /opt/devkitpro/libnx/lib/libnx.a(fs_dev.o)
 .text.fsdev_dirreset
                0x0000000000009030       0x10 /opt/devkitpro/libnx/lib/libnx.a(fs_dev.o)
 .text.fsdev_chmod
                0x0000000000009040       0x10 /opt/devkitpro/libnx/lib/libnx.a(fs_dev.o)
 .text.error_cmp
                0x0000000000009050       0x1c /opt/devkitpro/libnx/lib/libnx.a(fs_dev.o)
 *fill*         0x000000000000906c        0x4 
 .text.fsdev_translate_error
                0x0000000000009070       0x58 /opt/devkitpro/libnx/lib/libnx.a(fs_dev.o)
 *fill*         0x00000000000090c8        0x8 
 .text.fsdev_fsync
                0x00000000000090d0       0x40 /opt/devkitpro/libnx/lib/libnx.a(fs_dev.o)
 .text.fsdev_ftruncate
                0x0000000000009110       0x60 /opt/devkitpro/libnx/lib/libnx.a(fs_dev.o)
 .text.fsdev_dirclose
                0x0000000000009170       0x20 /opt/devkitpro/libnx/lib/libnx.a(fs_dev.o)
 .text.fsdev_dirnext
                0x0000000000009190      0x16c /opt/devkitpro/libnx/lib/libnx.a(fs_dev.o)
 *fill*         0x00000000000092fc        0x4 
 .text.fsdev_close
                0x0000000000009300       0x1c /opt/devkitpro/libnx/lib/libnx.a(fs_dev.o)
 *fill*         0x000000000000931c        0x4 
 .text.fsdev_fstat
                0x0000000000009320       0xa4 /opt/devkitpro/libnx/lib/libnx.a(fs_dev.o)
 *fill*         0x00000000000093c4        0xc 
 .text.fsdev_seek
                0x00000000000093d0       0xb0 /opt/devkitpro/libnx/lib/libnx.a(fs_dev.o)
 .text.fsdev_read
                0x0000000000009480      0x198 /opt/devkitpro/libnx/lib/libnx.a(fs_dev.o)
 *fill*         0x0000000000009618        0x8 
 .text.fsdev_write
                0x0000000000009620      0x1a0 /opt/devkitpro/libnx/lib/libnx.a(fs_dev.o)
 .text.fsdevFindDevice
                0x00000000000097c0      0x120 /opt/devkitpro/libnx/lib/libnx.a(fs_dev.o)
 .text._fsdevMountDevice
                0x00000000000098e0      0x140 /opt/devkitpro/libnx/lib/libnx.a(fs_dev.o)
 .text.fsdev_getfspath
                0x0000000000009a20      0x1fc /opt/devkitpro/libnx/lib/libnx.a(fs_dev.o)
 *fill*         0x0000000000009c1c        0x4 
 .text.fsdev_rmdir
                0x0000000000009c20       0x70 /opt/devkitpro/libnx/lib/libnx.a(fs_dev.o)
 .text.fsdev_statvfs
                0x0000000000009c90       0xd4 /opt/devkitpro/libnx/lib/libnx.a(fs_dev.o)
 *fill*         0x0000000000009d64        0xc 
 .text.fsdev_diropen
                0x0000000000009d70       0xec /opt/devkitpro/libnx/lib/libnx.a(fs_dev.o)
 *fill*         0x0000000000009e5c        0x4 
 .text.fsdev_mkdir
                0x0000000000009e60       0x70 /opt/devkitpro/libnx/lib/libnx.a(fs_dev.o)
 .text.fsdev_rename
                0x0000000000009ed0      0x114 /opt/devkitpro/libnx/lib/libnx.a(fs_dev.o)
 *fill*         0x0000000000009fe4        0xc 
 .text.fsdev_chdir
                0x0000000000009ff0       0xe8 /opt/devkitpro/libnx/lib/libnx.a(fs_dev.o)
 *fill*         0x000000000000a0d8        0x8 
 .text.fsdev_unlink
                0x000000000000a0e0       0x70 /opt/devkitpro/libnx/lib/libnx.a(fs_dev.o)
 .text.fsdev_stat
                0x000000000000a150      0x1bc /opt/devkitpro/libnx/lib/libnx.a(fs_dev.o)
 *fill*         0x000000000000a30c        0x4 
 .text.fsdev_open
                0x000000000000a310      0x19c /opt/devkitpro/libnx/lib/libnx.a(fs_dev.o)
 *fill*         0x000000000000a4ac        0x4 
 .text._fsdevUnmountDeviceStruct.part.4
                0x000000000000a4b0       0xb8 /opt/devkitpro/libnx/lib/libnx.a(fs_dev.o)
 *fill*         0x000000000000a568        0x8 
 .text.fsdev_fchmod
                0x000000000000a570       0x10 /opt/devkitpro/libnx/lib/libnx.a(fs_dev.o)
 .text.fsdevMountSdmc
                0x000000000000a580      0x170 /opt/devkitpro/libnx/lib/libnx.a(fs_dev.o)
                0x000000000000a580                fsdevMountSdmc
 .text.fsdevUnmountAll
                0x000000000000a6f0       0x64 /opt/devkitpro/libnx/lib/libnx.a(fs_dev.o)
                0x000000000000a6f0                fsdevUnmountAll
 *fill*         0x000000000000a754        0xc 
 .text.decode_utf8
                0x000000000000a760      0x12c /opt/devkitpro/libnx/lib/libnx.a(decode_utf8.o)
                0x000000000000a760                decode_utf8
 .text.armDCacheFlush
                0x000000000000a88c       0x3c /opt/devkitpro/libnx/lib/libnx.a(cache.o)
                0x000000000000a88c                armDCacheFlush
 .text.__libnx_exception_entry
                0x000000000000a8c8      0x1c0 /opt/devkitpro/libnx/lib/libnx.a(exception.o)
                0x000000000000a8c8                __libnx_exception_entry
 .text.__libnx_exception_returnentry
                0x000000000000aa88       0x18 /opt/devkitpro/libnx/lib/libnx.a(exception.o)
                0x000000000000aa88                __libnx_exception_returnentry
 .text.__aarch64_read_tp
                0x000000000000aaa0        0xc /opt/devkitpro/libnx/lib/libnx.a(readtp.o)
                0x000000000000aaa0                __aarch64_read_tp
 *fill*         0x000000000000aaac        0x4 
 .text.ipcCloseObjectById
                0x000000000000aab0       0x34 /opt/devkitpro/libnx/lib/libnx.a(nv.o)
 *fill*         0x000000000000aae4        0xc 
 .text._nvSetClientPID
                0x000000000000aaf0       0xd8 /opt/devkitpro/libnx/lib/libnx.a(nv.o)
 *fill*         0x000000000000abc8        0x8 
 .text.ipcQueryPointerBufferSize.constprop.10
                0x000000000000abd0       0xc8 /opt/devkitpro/libnx/lib/libnx.a(nv.o)
 *fill*         0x000000000000ac98        0x8 
 .text._nvInitialize.constprop.8
                0x000000000000aca0       0xf0 /opt/devkitpro/libnx/lib/libnx.a(nv.o)
 .text.ipcCloneSession.constprop.9
                0x000000000000ad90      0x10c /opt/devkitpro/libnx/lib/libnx.a(nv.o)
 *fill*         0x000000000000ae9c        0x4 
 .text.nvExit   0x000000000000aea0      0x100 /opt/devkitpro/libnx/lib/libnx.a(nv.o)
                0x000000000000aea0                nvExit
 .text.nvInitialize
                0x000000000000afa0      0x184 /opt/devkitpro/libnx/lib/libnx.a(nv.o)
                0x000000000000afa0                nvInitialize
 *fill*         0x000000000000b124        0xc 
 .text.nvConvertError
                0x000000000000b130      0x12c /opt/devkitpro/libnx/lib/libnx.a(nv.o)
                0x000000000000b130                nvConvertError
 *fill*         0x000000000000b25c        0x4 
 .text.nvOpen   0x000000000000b260      0x12c /opt/devkitpro/libnx/lib/libnx.a(nv.o)
                0x000000000000b260                nvOpen
 *fill*         0x000000000000b38c        0x4 
 .text.nvIoctl  0x000000000000b390      0x270 /opt/devkitpro/libnx/lib/libnx.a(nv.o)
                0x000000000000b390                nvIoctl
 .text.nvClose  0x000000000000b600       0xdc /opt/devkitpro/libnx/lib/libnx.a(nv.o)
                0x000000000000b600                nvClose
 *fill*         0x000000000000b6dc        0x4 
 .text.nvQueryEvent
                0x000000000000b6e0      0x15c /opt/devkitpro/libnx/lib/libnx.a(nv.o)
                0x000000000000b6e0                nvQueryEvent
 *fill*         0x000000000000b83c        0x4 
 .text.ipcCloseObjectById
                0x000000000000b840       0x34 /opt/devkitpro/libnx/lib/libnx.a(time.o)
 *fill*         0x000000000000b874        0xc 
 .text._timeGetSession
                0x000000000000b880      0x12c /opt/devkitpro/libnx/lib/libnx.a(time.o)
 *fill*         0x000000000000b9ac        0x4 
 .text.timeExit
                0x000000000000b9b0      0x1ec /opt/devkitpro/libnx/lib/libnx.a(time.o)
                0x000000000000b9b0                timeExit
 *fill*         0x000000000000bb9c        0x4 
 .text.timeInitialize
                0x000000000000bba0       0xd8 /opt/devkitpro/libnx/lib/libnx.a(time.o)
                0x000000000000bba0                timeInitialize
 *fill*         0x000000000000bc78        0x8 
 .text.timeGetCurrentTime
                0x000000000000bc80      0x124 /opt/devkitpro/libnx/lib/libnx.a(time.o)
                0x000000000000bc80                timeGetCurrentTime
 *fill*         0x000000000000bda4        0xc 
 .text.timeToCalendarTimeWithMyRule
                0x000000000000bdb0      0x118 /opt/devkitpro/libnx/lib/libnx.a(time.o)
                0x000000000000bdb0                timeToCalendarTimeWithMyRule
 *fill*         0x000000000000bec8        0x8 
 .text.ipcCloseObjectById
                0x000000000000bed0       0x34 /opt/devkitpro/libnx/lib/libnx.a(vi.o)
 *fill*         0x000000000000bf04        0xc 
 .text._viGetSession.constprop.7
                0x000000000000bf10      0x134 /opt/devkitpro/libnx/lib/libnx.a(vi.o)
 *fill*         0x000000000000c044        0xc 
 .text.viExit   0x000000000000c050      0x1e4 /opt/devkitpro/libnx/lib/libnx.a(vi.o)
                0x000000000000c050                viExit
 *fill*         0x000000000000c234        0xc 
 .text.viInitialize
                0x000000000000c240      0x2f8 /opt/devkitpro/libnx/lib/libnx.a(vi.o)
                0x000000000000c240                viInitialize
 *fill*         0x000000000000c538        0x8 
 .text.viGetSession_IHOSBinderDriverRelay
                0x000000000000c540        0xc /opt/devkitpro/libnx/lib/libnx.a(vi.o)
                0x000000000000c540                viGetSession_IHOSBinderDriverRelay
 *fill*         0x000000000000c54c        0x4 
 .text.viOpenDisplay
                0x000000000000c550      0x140 /opt/devkitpro/libnx/lib/libnx.a(vi.o)
                0x000000000000c550                viOpenDisplay
 .text.viCloseDisplay
                0x000000000000c690      0x104 /opt/devkitpro/libnx/lib/libnx.a(vi.o)
                0x000000000000c690                viCloseDisplay
 *fill*         0x000000000000c794        0xc 
 .text.viCloseLayer
                0x000000000000c7a0      0x104 /opt/devkitpro/libnx/lib/libnx.a(vi.o)
                0x000000000000c7a0                viCloseLayer
 *fill*         0x000000000000c8a4        0xc 
 .text.viCreateLayer
                0x000000000000c8b0      0x370 /opt/devkitpro/libnx/lib/libnx.a(vi.o)
                0x000000000000c8b0                viCreateLayer
 .text.viSetLayerScalingMode
                0x000000000000cc20       0xe8 /opt/devkitpro/libnx/lib/libnx.a(vi.o)
                0x000000000000cc20                viSetLayerScalingMode
 *fill*         0x000000000000cd08        0x8 
 .text.ipcCloseObjectById
                0x000000000000cd10       0x34 /opt/devkitpro/libnx/lib/libnx.a(set.o)
 *fill*         0x000000000000cd44        0xc 
 .text._setsysGetFirmwareVersionImpl
                0x000000000000cd50      0x1d4 /opt/devkitpro/libnx/lib/libnx.a(set.o)
 *fill*         0x000000000000cf24        0xc 
 .text.setsysInitialize
                0x000000000000cf30       0x3c /opt/devkitpro/libnx/lib/libnx.a(set.o)
                0x000000000000cf30                setsysInitialize
 *fill*         0x000000000000cf6c        0x4 
 .text.setsysExit
                0x000000000000cf70       0x9c /opt/devkitpro/libnx/lib/libnx.a(set.o)
                0x000000000000cf70                setsysExit
 *fill*         0x000000000000d00c        0x4 
 .text.setsysGetFirmwareVersion
                0x000000000000d010       0x44 /opt/devkitpro/libnx/lib/libnx.a(set.o)
                0x000000000000d010                setsysGetFirmwareVersion
 *fill*         0x000000000000d054        0xc 
 .text.ipcPrepareHeader
                0x000000000000d060      0x220 /opt/devkitpro/libnx/lib/libnx.a(fs.o)
 .text.ipcParse
                0x000000000000d280      0x22c /opt/devkitpro/libnx/lib/libnx.a(fs.o)
 *fill*         0x000000000000d4ac        0x4 
 .text.serviceIpcParse
                0x000000000000d4b0       0xb0 /opt/devkitpro/libnx/lib/libnx.a(fs.o)
 .text.ipcCloseObjectById
                0x000000000000d560       0x34 /opt/devkitpro/libnx/lib/libnx.a(fs.o)
 *fill*         0x000000000000d594        0xc 
 .text.fsInitialize
                0x000000000000d5a0      0x200 /opt/devkitpro/libnx/lib/libnx.a(fs.o)
                0x000000000000d5a0                fsInitialize
 .text.fsExit   0x000000000000d7a0       0x9c /opt/devkitpro/libnx/lib/libnx.a(fs.o)
                0x000000000000d7a0                fsExit
 *fill*         0x000000000000d83c        0x4 
 .text.fsMountSdcard
                0x000000000000d840      0x1cc /opt/devkitpro/libnx/lib/libnx.a(fs.o)
                0x000000000000d840                fsMountSdcard
 *fill*         0x000000000000da0c        0x4 
 .text.fsFsCreateFile
                0x000000000000da10      0x1a4 /opt/devkitpro/libnx/lib/libnx.a(fs.o)
                0x000000000000da10                fsFsCreateFile
 *fill*         0x000000000000dbb4        0xc 
 .text.fsFsDeleteFile
                0x000000000000dbc0      0x19c /opt/devkitpro/libnx/lib/libnx.a(fs.o)
                0x000000000000dbc0                fsFsDeleteFile
 *fill*         0x000000000000dd5c        0x4 
 .text.fsFsCreateDirectory
                0x000000000000dd60      0x19c /opt/devkitpro/libnx/lib/libnx.a(fs.o)
                0x000000000000dd60                fsFsCreateDirectory
 *fill*         0x000000000000defc        0x4 
 .text.fsFsDeleteDirectory
                0x000000000000df00      0x19c /opt/devkitpro/libnx/lib/libnx.a(fs.o)
                0x000000000000df00                fsFsDeleteDirectory
 *fill*         0x000000000000e09c        0x4 
 .text.fsFsRenameFile
                0x000000000000e0a0      0x214 /opt/devkitpro/libnx/lib/libnx.a(fs.o)
                0x000000000000e0a0                fsFsRenameFile
 *fill*         0x000000000000e2b4        0xc 
 .text.fsFsRenameDirectory
                0x000000000000e2c0      0x214 /opt/devkitpro/libnx/lib/libnx.a(fs.o)
                0x000000000000e2c0                fsFsRenameDirectory
 *fill*         0x000000000000e4d4        0xc 
 .text.fsFsGetEntryType
                0x000000000000e4e0      0x1b0 /opt/devkitpro/libnx/lib/libnx.a(fs.o)
                0x000000000000e4e0                fsFsGetEntryType
 .text.fsFsOpenFile
                0x000000000000e690      0x1e4 /opt/devkitpro/libnx/lib/libnx.a(fs.o)
                0x000000000000e690                fsFsOpenFile
 *fill*         0x000000000000e874        0xc 
 .text.fsFsOpenDirectory
                0x000000000000e880      0x1f8 /opt/devkitpro/libnx/lib/libnx.a(fs.o)
                0x000000000000e880                fsFsOpenDirectory
 *fill*         0x000000000000ea78        0x8 
 .text.fsFsGetFreeSpace
                0x000000000000ea80      0x1b0 /opt/devkitpro/libnx/lib/libnx.a(fs.o)
                0x000000000000ea80                fsFsGetFreeSpace
 .text.fsFsGetTotalSpace
                0x000000000000ec30      0x1b0 /opt/devkitpro/libnx/lib/libnx.a(fs.o)
                0x000000000000ec30                fsFsGetTotalSpace
 .text.fsFsGetFileTimeStampRaw
                0x000000000000ede0      0x194 /opt/devkitpro/libnx/lib/libnx.a(fs.o)
                0x000000000000ede0                fsFsGetFileTimeStampRaw
 *fill*         0x000000000000ef74        0xc 
 .text.fsFsClose
                0x000000000000ef80       0x6c /opt/devkitpro/libnx/lib/libnx.a(fs.o)
                0x000000000000ef80                fsFsClose
 *fill*         0x000000000000efec        0x4 
 .text.fsFileRead
                0x000000000000eff0      0x1f0 /opt/devkitpro/libnx/lib/libnx.a(fs.o)
                0x000000000000eff0                fsFileRead
 .text.fsFileWrite
                0x000000000000f1e0      0x1b8 /opt/devkitpro/libnx/lib/libnx.a(fs.o)
                0x000000000000f1e0                fsFileWrite
 *fill*         0x000000000000f398        0x8 
 .text.fsFileFlush
                0x000000000000f3a0      0x16c /opt/devkitpro/libnx/lib/libnx.a(fs.o)
                0x000000000000f3a0                fsFileFlush
 *fill*         0x000000000000f50c        0x4 
 .text.fsFileSetSize
                0x000000000000f510      0x174 /opt/devkitpro/libnx/lib/libnx.a(fs.o)
                0x000000000000f510                fsFileSetSize
 *fill*         0x000000000000f684        0xc 
 .text.fsFileGetSize
                0x000000000000f690      0x194 /opt/devkitpro/libnx/lib/libnx.a(fs.o)
                0x000000000000f690                fsFileGetSize
 *fill*         0x000000000000f824        0xc 
 .text.fsFileClose
                0x000000000000f830       0x6c /opt/devkitpro/libnx/lib/libnx.a(fs.o)
                0x000000000000f830                fsFileClose
 *fill*         0x000000000000f89c        0x4 
 .text.fsDirClose
                0x000000000000f8a0       0x6c /opt/devkitpro/libnx/lib/libnx.a(fs.o)
                0x000000000000f8a0                fsDirClose
 *fill*         0x000000000000f90c        0x4 
 .text.fsDirRead
                0x000000000000f910      0x1ec /opt/devkitpro/libnx/lib/libnx.a(fs.o)
                0x000000000000f910                fsDirRead
 *fill*         0x000000000000fafc        0x4 
 .text._nvFenceEventWaitCommon
                0x000000000000fb00       0x60 /opt/devkitpro/libnx/lib/libnx.a(fence.o)
 .text.nvFenceInit
                0x000000000000fb60       0x5c /opt/devkitpro/libnx/lib/libnx.a(fence.o)
                0x000000000000fb60                nvFenceInit
 *fill*         0x000000000000fbbc        0x4 
 .text.nvFenceExit
                0x000000000000fbc0       0x98 /opt/devkitpro/libnx/lib/libnx.a(fence.o)
                0x000000000000fbc0                nvFenceExit
 *fill*         0x000000000000fc58        0x8 
 .text.nvFenceWait
                0x000000000000fc60      0x1e4 /opt/devkitpro/libnx/lib/libnx.a(fence.o)
                0x000000000000fc60                nvFenceWait
 *fill*         0x000000000000fe44        0xc 
 .text.nvMultiFenceWait
                0x000000000000fe50       0x7c /opt/devkitpro/libnx/lib/libnx.a(fence.o)
                0x000000000000fe50                nvMultiFenceWait
 *fill*         0x000000000000fecc        0x4 
 .text.nvMapInit
                0x000000000000fed0       0x6c /opt/devkitpro/libnx/lib/libnx.a(map.o)
                0x000000000000fed0                nvMapInit
 *fill*         0x000000000000ff3c        0x4 
 .text.nvMapExit
                0x000000000000ff40       0x68 /opt/devkitpro/libnx/lib/libnx.a(map.o)
                0x000000000000ff40                nvMapExit
 *fill*         0x000000000000ffa8        0x8 
 .text.nvMapClose
                0x000000000000ffb0       0x84 /opt/devkitpro/libnx/lib/libnx.a(map.o)
                0x000000000000ffb0                nvMapClose
 *fill*         0x0000000000010034        0xc 
 .text.nvMapCreate
                0x0000000000010040      0x150 /opt/devkitpro/libnx/lib/libnx.a(map.o)
                0x0000000000010040                nvMapCreate
 .text.nvioctlNvhostCtrl_EventSignal
                0x0000000000010190       0x24 /opt/devkitpro/libnx/lib/libnx.a(nvhost-ctrl.o)
                0x0000000000010190                nvioctlNvhostCtrl_EventSignal
 *fill*         0x00000000000101b4        0xc 
 .text.nvioctlNvhostCtrl_EventWait
                0x00000000000101c0       0x3c /opt/devkitpro/libnx/lib/libnx.a(nvhost-ctrl.o)
                0x00000000000101c0                nvioctlNvhostCtrl_EventWait
 *fill*         0x00000000000101fc        0x4 
 .text.nvioctlNvhostCtrl_EventWaitAsync
                0x0000000000010200       0x28 /opt/devkitpro/libnx/lib/libnx.a(nvhost-ctrl.o)
                0x0000000000010200                nvioctlNvhostCtrl_EventWaitAsync
 *fill*         0x0000000000010228        0x8 
 .text.nvioctlNvhostCtrl_EventRegister
                0x0000000000010230       0x24 /opt/devkitpro/libnx/lib/libnx.a(nvhost-ctrl.o)
                0x0000000000010230                nvioctlNvhostCtrl_EventRegister
 *fill*         0x0000000000010254        0xc 
 .text.nvioctlNvhostCtrl_EventUnregister
                0x0000000000010260       0x24 /opt/devkitpro/libnx/lib/libnx.a(nvhost-ctrl.o)
                0x0000000000010260                nvioctlNvhostCtrl_EventUnregister
 *fill*         0x0000000000010284        0xc 
 .text.nvioctlNvmap_Create
                0x0000000000010290       0x3c /opt/devkitpro/libnx/lib/libnx.a(nvmap.o)
                0x0000000000010290                nvioctlNvmap_Create
 *fill*         0x00000000000102cc        0x4 
 .text.nvioctlNvmap_Alloc
                0x00000000000102d0       0x30 /opt/devkitpro/libnx/lib/libnx.a(nvmap.o)
                0x00000000000102d0                nvioctlNvmap_Alloc
 .text.nvioctlNvmap_Free
                0x0000000000010300       0x30 /opt/devkitpro/libnx/lib/libnx.a(nvmap.o)
                0x0000000000010300                nvioctlNvmap_Free
 .text.nvioctlNvmap_GetId
                0x0000000000010330       0x3c /opt/devkitpro/libnx/lib/libnx.a(nvmap.o)
                0x0000000000010330                nvioctlNvmap_GetId
 *fill*         0x000000000001036c        0x4 
 .text.bqRequestBuffer
                0x0000000000010370       0xe8 /opt/devkitpro/libnx/lib/libnx.a(buffer_producer.o)
                0x0000000000010370                bqRequestBuffer
 *fill*         0x0000000000010458        0x8 
 .text.bqDequeueBuffer
                0x0000000000010460      0x154 /opt/devkitpro/libnx/lib/libnx.a(buffer_producer.o)
                0x0000000000010460                bqDequeueBuffer
 *fill*         0x00000000000105b4        0xc 
 .text.bqDetachBuffer
                0x00000000000105c0       0x9c /opt/devkitpro/libnx/lib/libnx.a(buffer_producer.o)
                0x00000000000105c0                bqDetachBuffer
 *fill*         0x000000000001065c        0x4 
 .text.bqQueueBuffer
                0x0000000000010660       0xe0 /opt/devkitpro/libnx/lib/libnx.a(buffer_producer.o)
                0x0000000000010660                bqQueueBuffer
 .text.bqCancelBuffer
                0x0000000000010740       0x90 /opt/devkitpro/libnx/lib/libnx.a(buffer_producer.o)
                0x0000000000010740                bqCancelBuffer
 .text.bqConnect
                0x00000000000107d0       0xe4 /opt/devkitpro/libnx/lib/libnx.a(buffer_producer.o)
                0x00000000000107d0                bqConnect
 *fill*         0x00000000000108b4        0xc 
 .text.bqDisconnect
                0x00000000000108c0       0x9c /opt/devkitpro/libnx/lib/libnx.a(buffer_producer.o)
                0x00000000000108c0                bqDisconnect
 *fill*         0x000000000001095c        0x4 
 .text.bqSetPreallocatedBuffer
                0x0000000000010960      0x178 /opt/devkitpro/libnx/lib/libnx.a(buffer_producer.o)
                0x0000000000010960                bqSetPreallocatedBuffer
 *fill*         0x0000000000010ad8        0x8 
 .text._binderTransactParcel
                0x0000000000010ae0      0x138 /opt/devkitpro/libnx/lib/libnx.a(binder.o)
 *fill*         0x0000000000010c18        0x8 
 .text.ipcQueryPointerBufferSize
                0x0000000000010c20       0xc8 /opt/devkitpro/libnx/lib/libnx.a(binder.o)
 *fill*         0x0000000000010ce8        0x8 
 .text._binderTransactParcelAuto
                0x0000000000010cf0      0x248 /opt/devkitpro/libnx/lib/libnx.a(binder.o)
 *fill*         0x0000000000010f38        0x8 
 .text.binderCreate
                0x0000000000010f40       0x14 /opt/devkitpro/libnx/lib/libnx.a(binder.o)
                0x0000000000010f40                binderCreate
 *fill*         0x0000000000010f54        0xc 
 .text.binderTransactParcel
                0x0000000000010f60       0x10 /opt/devkitpro/libnx/lib/libnx.a(binder.o)
                0x0000000000010f60                binderTransactParcel
 .text.binderConvertErrorCode
                0x0000000000010f70      0x124 /opt/devkitpro/libnx/lib/libnx.a(binder.o)
                0x0000000000010f70                binderConvertErrorCode
 *fill*         0x0000000000011094        0xc 
 .text.binderAdjustRefcount
                0x00000000000110a0       0xe8 /opt/devkitpro/libnx/lib/libnx.a(binder.o)
                0x00000000000110a0                binderAdjustRefcount
 *fill*         0x0000000000011188        0x8 
 .text.binderClose
                0x0000000000011190       0x74 /opt/devkitpro/libnx/lib/libnx.a(binder.o)
                0x0000000000011190                binderClose
 *fill*         0x0000000000011204        0xc 
 .text.binderInitSession
                0x0000000000011210       0xc8 /opt/devkitpro/libnx/lib/libnx.a(binder.o)
                0x0000000000011210                binderInitSession
 *fill*         0x00000000000112d8        0x8 
 .text.binderGetNativeHandle
                0x00000000000112e0      0x144 /opt/devkitpro/libnx/lib/libnx.a(binder.o)
                0x00000000000112e0                binderGetNativeHandle
 *fill*         0x0000000000011424        0xc 
 .text.parcelCreate
                0x0000000000011430       0x28 /opt/devkitpro/libnx/lib/libnx.a(parcel.o)
                0x0000000000011430                parcelCreate
 *fill*         0x0000000000011458        0x8 
 .text.parcelTransact
                0x0000000000011460      0x19c /opt/devkitpro/libnx/lib/libnx.a(parcel.o)
                0x0000000000011460                parcelTransact
 *fill*         0x00000000000115fc        0x4 
 .text.parcelWriteData
                0x0000000000011600       0x88 /opt/devkitpro/libnx/lib/libnx.a(parcel.o)
                0x0000000000011600                parcelWriteData
 *fill*         0x0000000000011688        0x8 
 .text.parcelReadData
                0x0000000000011690       0x98 /opt/devkitpro/libnx/lib/libnx.a(parcel.o)
                0x0000000000011690                parcelReadData
 *fill*         0x0000000000011728        0x8 
 .text.parcelWriteInt32
                0x0000000000011730       0x20 /opt/devkitpro/libnx/lib/libnx.a(parcel.o)
                0x0000000000011730                parcelWriteInt32
 .text.parcelWriteUInt32
                0x0000000000011750       0x20 /opt/devkitpro/libnx/lib/libnx.a(parcel.o)
                0x0000000000011750                parcelWriteUInt32
 .text.parcelWriteString16
                0x0000000000011770       0x80 /opt/devkitpro/libnx/lib/libnx.a(parcel.o)
                0x0000000000011770                parcelWriteString16
 .text.parcelWriteInterfaceToken
                0x00000000000117f0       0x30 /opt/devkitpro/libnx/lib/libnx.a(parcel.o)
                0x00000000000117f0                parcelWriteInterfaceToken
 .text.parcelReadInt32
                0x0000000000011820       0x24 /opt/devkitpro/libnx/lib/libnx.a(parcel.o)
                0x0000000000011820                parcelReadInt32
 *fill*         0x0000000000011844        0xc 
 .text.parcelReadFlattenedObject
                0x0000000000011850       0x68 /opt/devkitpro/libnx/lib/libnx.a(parcel.o)
                0x0000000000011850                parcelReadFlattenedObject
 *fill*         0x00000000000118b8        0x8 
 .text.parcelWriteFlattenedObject
                0x00000000000118c0       0x44 /opt/devkitpro/libnx/lib/libnx.a(parcel.o)
                0x00000000000118c0                parcelWriteFlattenedObject
 *fill*         0x0000000000011904        0xc 
 .text.nxlinkSetup
                0x0000000000011910       0xc4 /opt/devkitpro/libnx/lib/libnx.a(nxlink.o)
                0x0000000000011910                nxlinkSetup
 *fill*         0x00000000000119d4        0x4 
 .text.aligned_alloc
                0x00000000000119d8       0x38 /opt/devkitpro/devkitA64/bin/../lib/gcc/aarch64-none-elf/8.3.0/../../../../aarch64-none-elf/lib/pic/libg.a(lib_a-aligned_alloc.o)
                0x00000000000119d8                aligned_alloc
 .text.bsearch  0x0000000000011a10       0xb8 /opt/devkitpro/devkitA64/bin/../lib/gcc/aarch64-none-elf/8.3.0/../../../../aarch64-none-elf/lib/pic/libg.a(lib_a-bsearch.o)
                0x0000000000011a10                bsearch
 .text.calloc   0x0000000000011ac8       0x30 /opt/devkitpro/devkitA64/bin/../lib/gcc/aarch64-none-elf/8.3.0/../../../../aarch64-none-elf/lib/pic/libg.a(lib_a-calloc.o)
                0x0000000000011ac8                calloc
 .text._calloc_r
                0x0000000000011af8       0x94 /opt/devkitpro/devkitA64/bin/../lib/gcc/aarch64-none-elf/8.3.0/../../../../aarch64-none-elf/lib/pic/libg.a(lib_a-callocr.o)
                0x0000000000011af8                _calloc_r
 *fill*         0x0000000000011b8c        0x4 
 .text.__errno  0x0000000000011b90       0x14 /opt/devkitpro/devkitA64/bin/../lib/gcc/aarch64-none-elf/8.3.0/../../../../aarch64-none-elf/lib/pic/libg.a(lib_a-errno.o)
                0x0000000000011b90                __errno
 *fill*         0x0000000000011ba4        0x4 
 .text._fclose_r
                0x0000000000011ba8      0x15c /opt/devkitpro/devkitA64/bin/../lib/gcc/aarch64-none-elf/8.3.0/../../../../aarch64-none-elf/lib/pic/libg.a(lib_a-fclose.o)
                0x0000000000011ba8                _fclose_r
 *fill*         0x0000000000011d04        0x4 
 .text.fclose   0x0000000000011d08       0x1c /opt/devkitpro/devkitA64/bin/../lib/gcc/aarch64-none-elf/8.3.0/../../../../aarch64-none-elf/lib/pic/libg.a(lib_a-fclose.o)
                0x0000000000011d08                fclose
 *fill*         0x0000000000011d24        0x4 
 .text.__sflush_r
                0x0000000000011d28      0x214 /opt/devkitpro/devkitA64/bin/../lib/gcc/aarch64-none-elf/8.3.0/../../../../aarch64-none-elf/lib/pic/libg.a(lib_a-fflush.o)
                0x0000000000011d28                __sflush_r
 *fill*         0x0000000000011f3c        0x4 
 .text._fflush_r
                0x0000000000011f40       0xb8 /opt/devkitpro/devkitA64/bin/../lib/gcc/aarch64-none-elf/8.3.0/../../../../aarch64-none-elf/lib/pic/libg.a(lib_a-fflush.o)
                0x0000000000011f40                _fflush_r
 .text.fflush   0x0000000000011ff8       0x40 /opt/devkitpro/devkitA64/bin/../lib/gcc/aarch64-none-elf/8.3.0/../../../../aarch64-none-elf/lib/pic/libg.a(lib_a-fflush.o)
                0x0000000000011ff8                fflush
 .text._fgets_r
                0x0000000000012038      0x1b0 /opt/devkitpro/devkitA64/bin/../lib/gcc/aarch64-none-elf/8.3.0/../../../../aarch64-none-elf/lib/pic/libg.a(lib_a-fgets.o)
                0x0000000000012038                _fgets_r
 .text.fgets    0x00000000000121e8       0x3c /opt/devkitpro/devkitA64/bin/../lib/gcc/aarch64-none-elf/8.3.0/../../../../aarch64-none-elf/lib/pic/libg.a(lib_a-fgets.o)
                0x00000000000121e8                fgets
 *fill*         0x0000000000012224        0x4 
 .text.std      0x0000000000012228       0x78 /opt/devkitpro/devkitA64/bin/../lib/gcc/aarch64-none-elf/8.3.0/../../../../aarch64-none-elf/lib/pic/libg.a(lib_a-findfp.o)
 .text._cleanup_r
                0x00000000000122a0        0xc /opt/devkitpro/devkitA64/bin/../lib/gcc/aarch64-none-elf/8.3.0/../../../../aarch64-none-elf/lib/pic/libg.a(lib_a-findfp.o)
                0x00000000000122a0                _cleanup_r
 *fill*         0x00000000000122ac        0x4 
 .text.__sfmoreglue
                0x00000000000122b0       0x60 /opt/devkitpro/devkitA64/bin/../lib/gcc/aarch64-none-elf/8.3.0/../../../../aarch64-none-elf/lib/pic/libg.a(lib_a-findfp.o)
                0x00000000000122b0                __sfmoreglue
 .text.__sfp_lock_acquire
                0x0000000000012310        0xc /opt/devkitpro/devkitA64/bin/../lib/gcc/aarch64-none-elf/8.3.0/../../../../aarch64-none-elf/lib/pic/libg.a(lib_a-findfp.o)
                0x0000000000012310                __sfp_lock_acquire
 *fill*         0x000000000001231c        0x4 
 .text.__sfp_lock_release
                0x0000000000012320        0xc /opt/devkitpro/devkitA64/bin/../lib/gcc/aarch64-none-elf/8.3.0/../../../../aarch64-none-elf/lib/pic/libg.a(lib_a-findfp.o)
                0x0000000000012320                __sfp_lock_release
 *fill*         0x000000000001232c        0x4 
 .text.__sinit_lock_acquire
                0x0000000000012330        0xc /opt/devkitpro/devkitA64/bin/../lib/gcc/aarch64-none-elf/8.3.0/../../../../aarch64-none-elf/lib/pic/libg.a(lib_a-findfp.o)
                0x0000000000012330                __sinit_lock_acquire
 *fill*         0x000000000001233c        0x4 
 .text.__sinit_lock_release
                0x0000000000012340        0xc /opt/devkitpro/devkitA64/bin/../lib/gcc/aarch64-none-elf/8.3.0/../../../../aarch64-none-elf/lib/pic/libg.a(lib_a-findfp.o)
                0x0000000000012340                __sinit_lock_release
 *fill*         0x000000000001234c        0x4 
 .text.__sinit  0x0000000000012350       0x80 /opt/devkitpro/devkitA64/bin/../lib/gcc/aarch64-none-elf/8.3.0/../../../../aarch64-none-elf/lib/pic/libg.a(lib_a-findfp.o)
                0x0000000000012350                __sinit
 .text.__sfp    0x00000000000123d0      0x118 /opt/devkitpro/devkitA64/bin/../lib/gcc/aarch64-none-elf/8.3.0/../../../../aarch64-none-elf/lib/pic/libg.a(lib_a-findfp.o)
                0x00000000000123d0                __sfp
 .text.__libc_fini_array
                0x00000000000124e8       0x44 /opt/devkitpro/devkitA64/bin/../lib/gcc/aarch64-none-elf/8.3.0/../../../../aarch64-none-elf/lib/pic/libg.a(lib_a-fini.o)
                0x00000000000124e8                __libc_fini_array
 *fill*         0x000000000001252c        0x4 
 .text._fopen_r
                0x0000000000012530      0x130 /opt/devkitpro/devkitA64/bin/../lib/gcc/aarch64-none-elf/8.3.0/../../../../aarch64-none-elf/lib/pic/libg.a(lib_a-fopen.o)
                0x0000000000012530                _fopen_r
 .text.fopen    0x0000000000012660       0x30 /opt/devkitpro/devkitA64/bin/../lib/gcc/aarch64-none-elf/8.3.0/../../../../aarch64-none-elf/lib/pic/libg.a(lib_a-fopen.o)
                0x0000000000012660                fopen
 .text._fputs_r
                0x0000000000012690       0xb4 /opt/devkitpro/devkitA64/bin/../lib/gcc/aarch64-none-elf/8.3.0/../../../../aarch64-none-elf/lib/pic/libg.a(lib_a-fputs.o)
                0x0000000000012690                _fputs_r
 *fill*         0x0000000000012744        0x4 
 .text.fputs    0x0000000000012748       0x30 /opt/devkitpro/devkitA64/bin/../lib/gcc/aarch64-none-elf/8.3.0/../../../../aarch64-none-elf/lib/pic/libg.a(lib_a-fputs.o)
                0x0000000000012748                fputs
 .text._malloc_trim_r
                0x0000000000012778      0x118 /opt/devkitpro/devkitA64/bin/../lib/gcc/aarch64-none-elf/8.3.0/../../../../aarch64-none-elf/lib/pic/libg.a(lib_a-freer.o)
                0x0000000000012778                _malloc_trim_r
 .text._free_r  0x0000000000012890      0x2f4 /opt/devkitpro/devkitA64/bin/../lib/gcc/aarch64-none-elf/8.3.0/../../../../aarch64-none-elf/lib/pic/libg.a(lib_a-freer.o)
                0x0000000000012890                _free_r
 *fill*         0x0000000000012b84        0x4 
 .text._fseek_r
                0x0000000000012b88        0x4 /opt/devkitpro/devkitA64/bin/../lib/gcc/aarch64-none-elf/8.3.0/../../../../aarch64-none-elf/lib/pic/libg.a(lib_a-fseek.o)
                0x0000000000012b88                _fseek_r
 *fill*         0x0000000000012b8c        0x4 
 .text._fseeko_r
                0x0000000000012b90      0x4c4 /opt/devkitpro/devkitA64/bin/../lib/gcc/aarch64-none-elf/8.3.0/../../../../aarch64-none-elf/lib/pic/libg.a(lib_a-fseeko.o)
                0x0000000000012b90                _fseeko_r
 *fill*         0x0000000000013054        0x4 
 .text.__sfvwrite_r
                0x0000000000013058      0x4b8 /opt/devkitpro/devkitA64/bin/../lib/gcc/aarch64-none-elf/8.3.0/../../../../aarch64-none-elf/lib/pic/libg.a(lib_a-fvwrite.o)
                0x0000000000013058                __sfvwrite_r
 .text._fwalk   0x0000000000013510       0xb8 /opt/devkitpro/devkitA64/bin/../lib/gcc/aarch64-none-elf/8.3.0/../../../../aarch64-none-elf/lib/pic/libg.a(lib_a-fwalk.o)
                0x0000000000013510                _fwalk
 .text._fwalk_reent
                0x00000000000135c8       0xbc /opt/devkitpro/devkitA64/bin/../lib/gcc/aarch64-none-elf/8.3.0/../../../../aarch64-none-elf/lib/pic/libg.a(lib_a-fwalk.o)
                0x00000000000135c8                _fwalk_reent
 *fill*         0x0000000000013684        0x4 
 .text.__libc_init_array
                0x0000000000013688       0x8c /opt/devkitpro/devkitA64/bin/../lib/gcc/aarch64-none-elf/8.3.0/../../../../aarch64-none-elf/lib/pic/libg.a(lib_a-init.o)
                0x0000000000013688                __libc_init_array
 *fill*         0x0000000000013714        0x4 
 .text.__swhatbuf_r
                0x0000000000013718       0xa4 /opt/devkitpro/devkitA64/bin/../lib/gcc/aarch64-none-elf/8.3.0/../../../../aarch64-none-elf/lib/pic/libg.a(lib_a-makebuf.o)
                0x0000000000013718                __swhatbuf_r
 *fill*         0x00000000000137bc        0x4 
 .text.__smakebuf_r
                0x00000000000137c0      0x10c /opt/devkitpro/devkitA64/bin/../lib/gcc/aarch64-none-elf/8.3.0/../../../../aarch64-none-elf/lib/pic/libg.a(lib_a-makebuf.o)
                0x00000000000137c0                __smakebuf_r
 *fill*         0x00000000000138cc        0x4 
 .text.memalign
                0x00000000000138d0       0x30 /opt/devkitpro/devkitA64/bin/../lib/gcc/aarch64-none-elf/8.3.0/../../../../aarch64-none-elf/lib/pic/libg.a(lib_a-malign.o)
                0x00000000000138d0                memalign
 .text._memalign_r
                0x0000000000013900      0x198 /opt/devkitpro/devkitA64/bin/../lib/gcc/aarch64-none-elf/8.3.0/../../../../aarch64-none-elf/lib/pic/libg.a(lib_a-malignr.o)
                0x0000000000013900                _memalign_r
 .text.malloc   0x0000000000013a98       0x1c /opt/devkitpro/devkitA64/bin/../lib/gcc/aarch64-none-elf/8.3.0/../../../../aarch64-none-elf/lib/pic/libg.a(lib_a-malloc.o)
                0x0000000000013a98                malloc
 *fill*         0x0000000000013ab4        0x4 
 .text.free     0x0000000000013ab8       0x1c /opt/devkitpro/devkitA64/bin/../lib/gcc/aarch64-none-elf/8.3.0/../../../../aarch64-none-elf/lib/pic/libg.a(lib_a-malloc.o)
                0x0000000000013ab8                free
 *fill*         0x0000000000013ad4        0x4 
 .text._malloc_r
                0x0000000000013ad8      0x87c /opt/devkitpro/devkitA64/bin/../lib/gcc/aarch64-none-elf/8.3.0/../../../../aarch64-none-elf/lib/pic/libg.a(lib_a-mallocr.o)
                0x0000000000013ad8                _malloc_r
 .text          0x0000000000014354       0xd8 /opt/devkitpro/devkitA64/bin/../lib/gcc/aarch64-none-elf/8.3.0/../../../../aarch64-none-elf/lib/pic/libg.a(lib_a-memchr.o)
                0x0000000000014354                memchr
 *fill*         0x000000000001442c       0x14 
 .text          0x0000000000014440      0x16c /opt/devkitpro/devkitA64/bin/../lib/gcc/aarch64-none-elf/8.3.0/../../../../aarch64-none-elf/lib/pic/libg.a(lib_a-memcpy.o)
                0x0000000000014440                memcpy
 *fill*         0x00000000000145ac       0x14 
 .text          0x00000000000145c0       0xac /opt/devkitpro/devkitA64/bin/../lib/gcc/aarch64-none-elf/8.3.0/../../../../aarch64-none-elf/lib/pic/libg.a(lib_a-memmove.o)
                0x00000000000145c0                memmove
 *fill*         0x000000000001466c       0x14 
 .text          0x0000000000014680      0x1dc /opt/devkitpro/devkitA64/bin/../lib/gcc/aarch64-none-elf/8.3.0/../../../../aarch64-none-elf/lib/pic/libg.a(lib_a-memset.o)
                0x0000000000014680                memset
 *fill*         0x000000000001485c        0x4 
 .text.__malloc_lock
                0x0000000000014860        0xc /opt/devkitpro/devkitA64/bin/../lib/gcc/aarch64-none-elf/8.3.0/../../../../aarch64-none-elf/lib/pic/libg.a(lib_a-mlock.o)
                0x0000000000014860                __malloc_lock
 *fill*         0x000000000001486c        0x4 
 .text.__malloc_unlock
                0x0000000000014870        0xc /opt/devkitpro/devkitA64/bin/../lib/gcc/aarch64-none-elf/8.3.0/../../../../aarch64-none-elf/lib/pic/libg.a(lib_a-mlock.o)
                0x0000000000014870                __malloc_unlock
 *fill*         0x000000000001487c        0x4 
 .text.printf   0x0000000000014880       0x8c /opt/devkitpro/devkitA64/bin/../lib/gcc/aarch64-none-elf/8.3.0/../../../../aarch64-none-elf/lib/pic/libg.a(lib_a-printf.o)
                0x0000000000014880                printf
 *fill*         0x000000000001490c        0x4 
 .text._realloc_r
                0x0000000000014910      0x56c /opt/devkitpro/devkitA64/bin/../lib/gcc/aarch64-none-elf/8.3.0/../../../../aarch64-none-elf/lib/pic/libg.a(lib_a-reallocr.o)
                0x0000000000014910                _realloc_r
 *fill*         0x0000000000014e7c        0x4 
 .text.lflush   0x0000000000014e80       0x20 /opt/devkitpro/devkitA64/bin/../lib/gcc/aarch64-none-elf/8.3.0/../../../../aarch64-none-elf/lib/pic/libg.a(lib_a-refill.o)
 .text.__srefill_r
                0x0000000000014ea0      0x1d0 /opt/devkitpro/devkitA64/bin/../lib/gcc/aarch64-none-elf/8.3.0/../../../../aarch64-none-elf/lib/pic/libg.a(lib_a-refill.o)
                0x0000000000014ea0                __srefill_r
 .text.setenv   0x0000000000015070       0x3c /opt/devkitpro/devkitA64/bin/../lib/gcc/aarch64-none-elf/8.3.0/../../../../aarch64-none-elf/lib/pic/libg.a(lib_a-setenv.o)
                0x0000000000015070                setenv
 *fill*         0x00000000000150ac        0x4 
 .text._setenv_r
                0x00000000000150b0      0x264 /opt/devkitpro/devkitA64/bin/../lib/gcc/aarch64-none-elf/8.3.0/../../../../aarch64-none-elf/lib/pic/libg.a(lib_a-setenv_r.o)
                0x00000000000150b0                _setenv_r
 *fill*         0x0000000000015314        0x4 
 .text.setvbuf  0x0000000000015318      0x25c /opt/devkitpro/devkitA64/bin/../lib/gcc/aarch64-none-elf/8.3.0/../../../../aarch64-none-elf/lib/pic/libg.a(lib_a-setvbuf.o)
                0x0000000000015318                setvbuf
 *fill*         0x0000000000015574        0x4 
 .text.sscanf   0x0000000000015578       0xbc /opt/devkitpro/devkitA64/bin/../lib/gcc/aarch64-none-elf/8.3.0/../../../../aarch64-none-elf/lib/pic/libg.a(lib_a-sscanf.o)
                0x0000000000015578                sscanf
 *fill*         0x0000000000015634        0x4 
 .text.__sread  0x0000000000015638       0x50 /opt/devkitpro/devkitA64/bin/../lib/gcc/aarch64-none-elf/8.3.0/../../../../aarch64-none-elf/lib/pic/libg.a(lib_a-stdio.o)
                0x0000000000015638                __sread
 .text.__seofread
                0x0000000000015688        0x8 /opt/devkitpro/devkitA64/bin/../lib/gcc/aarch64-none-elf/8.3.0/../../../../aarch64-none-elf/lib/pic/libg.a(lib_a-stdio.o)
                0x0000000000015688                __seofread
 .text.__swrite
                0x0000000000015690       0x6c /opt/devkitpro/devkitA64/bin/../lib/gcc/aarch64-none-elf/8.3.0/../../../../aarch64-none-elf/lib/pic/libg.a(lib_a-stdio.o)
                0x0000000000015690                __swrite
 *fill*         0x00000000000156fc        0x4 
 .text.__sseek  0x0000000000015700       0x50 /opt/devkitpro/devkitA64/bin/../lib/gcc/aarch64-none-elf/8.3.0/../../../../aarch64-none-elf/lib/pic/libg.a(lib_a-stdio.o)
                0x0000000000015700                __sseek
 .text.__sclose
                0x0000000000015750        0x8 /opt/devkitpro/devkitA64/bin/../lib/gcc/aarch64-none-elf/8.3.0/../../../../aarch64-none-elf/lib/pic/libg.a(lib_a-stdio.o)
                0x0000000000015750                __sclose
 .text.strcat   0x0000000000015758       0x74 /opt/devkitpro/devkitA64/bin/../lib/gcc/aarch64-none-elf/8.3.0/../../../../aarch64-none-elf/lib/pic/libg.a(lib_a-strcat.o)
                0x0000000000015758                strcat
 .text          0x00000000000157cc       0xdc /opt/devkitpro/devkitA64/bin/../lib/gcc/aarch64-none-elf/8.3.0/../../../../aarch64-none-elf/lib/pic/libg.a(lib_a-strchr.o)
                0x00000000000157cc                strchr
 *fill*         0x00000000000158a8       0x18 
 .text          0x00000000000158c0      0x1b8 /opt/devkitpro/devkitA64/bin/../lib/gcc/aarch64-none-elf/8.3.0/../../../../aarch64-none-elf/lib/pic/libg.a(lib_a-strcpy.o)
                0x00000000000158c0                strcpy
 .text._strerror_r
                0x0000000000015a78      0x418 /opt/devkitpro/devkitA64/bin/../lib/gcc/aarch64-none-elf/8.3.0/../../../../aarch64-none-elf/lib/pic/libg.a(lib_a-strerror.o)
                0x0000000000015a78                _strerror_r
 .text.strerror
                0x0000000000015e90       0x24 /opt/devkitpro/devkitA64/bin/../lib/gcc/aarch64-none-elf/8.3.0/../../../../aarch64-none-elf/lib/pic/libg.a(lib_a-strerror.o)
                0x0000000000015e90                strerror
 *fill*         0x0000000000015eb4        0xc 
 .text          0x0000000000015ec0      0x140 /opt/devkitpro/devkitA64/bin/../lib/gcc/aarch64-none-elf/8.3.0/../../../../aarch64-none-elf/lib/pic/libg.a(lib_a-strlen.o)
                0x0000000000015ec0                strlen
 .text.strncat  0x0000000000016000       0x84 /opt/devkitpro/devkitA64/bin/../lib/gcc/aarch64-none-elf/8.3.0/../../../../aarch64-none-elf/lib/pic/libg.a(lib_a-strncat.o)
                0x0000000000016000                strncat
 *fill*         0x0000000000016084       0x3c 
 .text          0x00000000000160c0      0x1d4 /opt/devkitpro/devkitA64/bin/../lib/gcc/aarch64-none-elf/8.3.0/../../../../aarch64-none-elf/lib/pic/libg.a(lib_a-strncmp.o)
                0x00000000000160dc                strncmp
 *fill*         0x0000000000016294        0x4 
 .text.strncpy  0x0000000000016298       0xa8 /opt/devkitpro/devkitA64/bin/../lib/gcc/aarch64-none-elf/8.3.0/../../../../aarch64-none-elf/lib/pic/libg.a(lib_a-strncpy.o)
                0x0000000000016298                strncpy
 .text          0x0000000000016340       0xe0 /opt/devkitpro/devkitA64/bin/../lib/gcc/aarch64-none-elf/8.3.0/../../../../aarch64-none-elf/lib/pic/libg.a(lib_a-strnlen.o)
                0x0000000000016364                strnlen
 .text._strtoul_l.isra.0
                0x0000000000016420      0x1ac /opt/devkitpro/devkitA64/bin/../lib/gcc/aarch64-none-elf/8.3.0/../../../../aarch64-none-elf/lib/pic/libg.a(lib_a-strtoul.o)
 *fill*         0x00000000000165cc        0x4 
 .text._strtoul_r
                0x00000000000165d0       0x34 /opt/devkitpro/devkitA64/bin/../lib/gcc/aarch64-none-elf/8.3.0/../../../../aarch64-none-elf/lib/pic/libg.a(lib_a-strtoul.o)
                0x00000000000165d0                _strtoul_r
 *fill*         0x0000000000016604        0x4 
 .text.strtoul  0x0000000000016608       0x48 /opt/devkitpro/devkitA64/bin/../lib/gcc/aarch64-none-elf/8.3.0/../../../../aarch64-none-elf/lib/pic/libg.a(lib_a-strtoul.o)
                0x0000000000016608                strtoul
 .text.get_arg  0x0000000000016650       0x5c /opt/devkitpro/devkitA64/bin/../lib/gcc/aarch64-none-elf/8.3.0/../../../../aarch64-none-elf/lib/pic/libg.a(lib_a-svfscanf.o)
 .text.__ssvfscanf_r
                0x00000000000166ac     0x2fd8 /opt/devkitpro/devkitA64/bin/../lib/gcc/aarch64-none-elf/8.3.0/../../../../aarch64-none-elf/lib/pic/libg.a(lib_a-svfscanf.o)
                0x00000000000166ac                __ssvfscanf_r
 *fill*         0x0000000000019684        0x4 
 .text._user_strerror
                0x0000000000019688        0x8 /opt/devkitpro/devkitA64/bin/../lib/gcc/aarch64-none-elf/8.3.0/../../../../aarch64-none-elf/lib/pic/libg.a(lib_a-u_strerr.o)
                0x0000000000019688                _user_strerror
 .text.get_arg  0x0000000000019690      0x76c /opt/devkitpro/devkitA64/bin/../lib/gcc/aarch64-none-elf/8.3.0/../../../../aarch64-none-elf/lib/pic/libg.a(lib_a-vfprintf.o)
 .text._vfprintf_r
                0x0000000000019dfc     0x3c28 /opt/devkitpro/devkitA64/bin/../lib/gcc/aarch64-none-elf/8.3.0/../../../../aarch64-none-elf/lib/pic/libg.a(lib_a-vfprintf.o)
                0x0000000000019dfc                _vfprintf_r
 .text.__sbprintf
                0x000000000001da24       0xec /opt/devkitpro/devkitA64/bin/../lib/gcc/aarch64-none-elf/8.3.0/../../../../aarch64-none-elf/lib/pic/libg.a(lib_a-vfprintf.o)
 .text._wcrtomb_r
                0x000000000001db10       0xd0 /opt/devkitpro/devkitA64/bin/../lib/gcc/aarch64-none-elf/8.3.0/../../../../aarch64-none-elf/lib/pic/libg.a(lib_a-wcrtomb.o)
                0x000000000001db10                _wcrtomb_r
 .text._wcsrtombs_r
                0x000000000001dbe0       0x10 /opt/devkitpro/devkitA64/bin/../lib/gcc/aarch64-none-elf/8.3.0/../../../../aarch64-none-elf/lib/pic/libg.a(lib_a-wcsrtombs.o)
                0x000000000001dbe0                _wcsrtombs_r
 .text.__swsetup_r
                0x000000000001dbf0      0x140 /opt/devkitpro/devkitA64/bin/../lib/gcc/aarch64-none-elf/8.3.0/../../../../aarch64-none-elf/lib/pic/libg.a(lib_a-wsetup.o)
                0x000000000001dbf0                __swsetup_r
 .text.__call_exitprocs
                0x000000000001dd30      0x124 /opt/devkitpro/devkitA64/bin/../lib/gcc/aarch64-none-elf/8.3.0/../../../../aarch64-none-elf/lib/pic/libg.a(lib_a-__call_atexit.o)
                0x000000000001dd30                __call_exitprocs
 *fill*         0x000000000001de54        0x4 
 .text.quorem   0x000000000001de58      0x1a8 /opt/devkitpro/devkitA64/bin/../lib/gcc/aarch64-none-elf/8.3.0/../../../../aarch64-none-elf/lib/pic/libg.a(lib_a-dtoa.o)
 .text._dtoa_r  0x000000000001e000     0x10dc /opt/devkitpro/devkitA64/bin/../lib/gcc/aarch64-none-elf/8.3.0/../../../../aarch64-none-elf/lib/pic/libg.a(lib_a-dtoa.o)
                0x000000000001e000                _dtoa_r
 *fill*         0x000000000001f0dc        0x4 
 .text.__env_lock
                0x000000000001f0e0        0xc /opt/devkitpro/devkitA64/bin/../lib/gcc/aarch64-none-elf/8.3.0/../../../../aarch64-none-elf/lib/pic/libg.a(lib_a-envlock.o)
                0x000000000001f0e0                __env_lock
 *fill*         0x000000000001f0ec        0x4 
 .text.__env_unlock
                0x000000000001f0f0        0xc /opt/devkitpro/devkitA64/bin/../lib/gcc/aarch64-none-elf/8.3.0/../../../../aarch64-none-elf/lib/pic/libg.a(lib_a-envlock.o)
                0x000000000001f0f0                __env_unlock
 *fill*         0x000000000001f0fc        0x4 
 .text.__sflags
                0x000000000001f100       0xa8 /opt/devkitpro/devkitA64/bin/../lib/gcc/aarch64-none-elf/8.3.0/../../../../aarch64-none-elf/lib/pic/libg.a(lib_a-flags.o)
                0x000000000001f100                __sflags
 .text._findenv_r
                0x000000000001f1a8      0x100 /opt/devkitpro/devkitA64/bin/../lib/gcc/aarch64-none-elf/8.3.0/../../../../aarch64-none-elf/lib/pic/libg.a(lib_a-getenv_r.o)
                0x000000000001f1a8                _findenv_r
 .text.iswspace
                0x000000000001f2a8        0x8 /opt/devkitpro/devkitA64/bin/../lib/gcc/aarch64-none-elf/8.3.0/../../../../aarch64-none-elf/lib/pic/libg.a(lib_a-iswspace.o)
                0x000000000001f2a8                iswspace
 .text.__localeconv_l
                0x000000000001f2b0        0x8 /opt/devkitpro/devkitA64/bin/../lib/gcc/aarch64-none-elf/8.3.0/../../../../aarch64-none-elf/lib/pic/libg.a(lib_a-localeconv.o)
                0x000000000001f2b0                __localeconv_l
 .text._localeconv_r
                0x000000000001f2b8       0x28 /opt/devkitpro/devkitA64/bin/../lib/gcc/aarch64-none-elf/8.3.0/../../../../aarch64-none-elf/lib/pic/libg.a(lib_a-localeconv.o)
                0x000000000001f2b8                _localeconv_r
 .text.__locale_mb_cur_max
                0x000000000001f2e0       0x2c /opt/devkitpro/devkitA64/bin/../lib/gcc/aarch64-none-elf/8.3.0/../../../../aarch64-none-elf/lib/pic/libg.a(lib_a-locale.o)
                0x000000000001f2e0                __locale_mb_cur_max
 *fill*         0x000000000001f30c        0x4 
 .text._mbrtowc_r
                0x000000000001f310       0xd8 /opt/devkitpro/devkitA64/bin/../lib/gcc/aarch64-none-elf/8.3.0/../../../../aarch64-none-elf/lib/pic/libg.a(lib_a-mbrtowc.o)
                0x000000000001f310                _mbrtowc_r
 .text.__utf8_mbtowc
                0x000000000001f3e8      0x2c8 /opt/devkitpro/devkitA64/bin/../lib/gcc/aarch64-none-elf/8.3.0/../../../../aarch64-none-elf/lib/pic/libg.a(lib_a-mbtowc_r.o)
                0x000000000001f3e8                __utf8_mbtowc
 .text._Balloc  0x000000000001f6b0       0x90 /opt/devkitpro/devkitA64/bin/../lib/gcc/aarch64-none-elf/8.3.0/../../../../aarch64-none-elf/lib/pic/libg.a(lib_a-mprec.o)
                0x000000000001f6b0                _Balloc
 .text._Bfree   0x000000000001f740       0x1c /opt/devkitpro/devkitA64/bin/../lib/gcc/aarch64-none-elf/8.3.0/../../../../aarch64-none-elf/lib/pic/libg.a(lib_a-mprec.o)
                0x000000000001f740                _Bfree
 *fill*         0x000000000001f75c        0x4 
 .text.__multadd
                0x000000000001f760       0xe8 /opt/devkitpro/devkitA64/bin/../lib/gcc/aarch64-none-elf/8.3.0/../../../../aarch64-none-elf/lib/pic/libg.a(lib_a-mprec.o)
                0x000000000001f760                __multadd
 .text.__s2b    0x000000000001f848      0x120 /opt/devkitpro/devkitA64/bin/../lib/gcc/aarch64-none-elf/8.3.0/../../../../aarch64-none-elf/lib/pic/libg.a(lib_a-mprec.o)
                0x000000000001f848                __s2b
 .text.__hi0bits
                0x000000000001f968       0x5c /opt/devkitpro/devkitA64/bin/../lib/gcc/aarch64-none-elf/8.3.0/../../../../aarch64-none-elf/lib/pic/libg.a(lib_a-mprec.o)
                0x000000000001f968                __hi0bits
 *fill*         0x000000000001f9c4        0x4 
 .text.__lo0bits
                0x000000000001f9c8       0xa0 /opt/devkitpro/devkitA64/bin/../lib/gcc/aarch64-none-elf/8.3.0/../../../../aarch64-none-elf/lib/pic/libg.a(lib_a-mprec.o)
                0x000000000001f9c8                __lo0bits
 .text.__i2b    0x000000000001fa68       0x2c /opt/devkitpro/devkitA64/bin/../lib/gcc/aarch64-none-elf/8.3.0/../../../../aarch64-none-elf/lib/pic/libg.a(lib_a-mprec.o)
                0x000000000001fa68                __i2b
 *fill*         0x000000000001fa94        0x4 
 .text.__multiply
                0x000000000001fa98      0x1c8 /opt/devkitpro/devkitA64/bin/../lib/gcc/aarch64-none-elf/8.3.0/../../../../aarch64-none-elf/lib/pic/libg.a(lib_a-mprec.o)
                0x000000000001fa98                __multiply
 .text.__pow5mult
                0x000000000001fc60      0x104 /opt/devkitpro/devkitA64/bin/../lib/gcc/aarch64-none-elf/8.3.0/../../../../aarch64-none-elf/lib/pic/libg.a(lib_a-mprec.o)
                0x000000000001fc60                __pow5mult
 *fill*         0x000000000001fd64        0x4 
 .text.__lshift
                0x000000000001fd68      0x134 /opt/devkitpro/devkitA64/bin/../lib/gcc/aarch64-none-elf/8.3.0/../../../../aarch64-none-elf/lib/pic/libg.a(lib_a-mprec.o)
                0x000000000001fd68                __lshift
 *fill*         0x000000000001fe9c        0x4 
 .text.__mcmp   0x000000000001fea0       0x50 /opt/devkitpro/devkitA64/bin/../lib/gcc/aarch64-none-elf/8.3.0/../../../../aarch64-none-elf/lib/pic/libg.a(lib_a-mprec.o)
                0x000000000001fea0                __mcmp
 .text.__mdiff  0x000000000001fef0      0x14c /opt/devkitpro/devkitA64/bin/../lib/gcc/aarch64-none-elf/8.3.0/../../../../aarch64-none-elf/lib/pic/libg.a(lib_a-mprec.o)
                0x000000000001fef0                __mdiff
 *fill*         0x000000000002003c        0x4 
 .text.__ulp    0x0000000000020040       0x68 /opt/devkitpro/devkitA64/bin/../lib/gcc/aarch64-none-elf/8.3.0/../../../../aarch64-none-elf/lib/pic/libg.a(lib_a-mprec.o)
                0x0000000000020040                __ulp
 .text.__b2d    0x00000000000200a8      0x150 /opt/devkitpro/devkitA64/bin/../lib/gcc/aarch64-none-elf/8.3.0/../../../../aarch64-none-elf/lib/pic/libg.a(lib_a-mprec.o)
                0x00000000000200a8                __b2d
 .text.__d2b    0x00000000000201f8      0x138 /opt/devkitpro/devkitA64/bin/../lib/gcc/aarch64-none-elf/8.3.0/../../../../aarch64-none-elf/lib/pic/libg.a(lib_a-mprec.o)
                0x00000000000201f8                __d2b
 .text.__ratio  0x0000000000020330       0xa0 /opt/devkitpro/devkitA64/bin/../lib/gcc/aarch64-none-elf/8.3.0/../../../../aarch64-none-elf/lib/pic/libg.a(lib_a-mprec.o)
                0x0000000000020330                __ratio
 .text.__copybits
                0x00000000000203d0       0x68 /opt/devkitpro/devkitA64/bin/../lib/gcc/aarch64-none-elf/8.3.0/../../../../aarch64-none-elf/lib/pic/libg.a(lib_a-mprec.o)
                0x00000000000203d0                __copybits
 .text.__any_on
                0x0000000000020438       0x84 /opt/devkitpro/devkitA64/bin/../lib/gcc/aarch64-none-elf/8.3.0/../../../../aarch64-none-elf/lib/pic/libg.a(lib_a-mprec.o)
                0x0000000000020438                __any_on
 *fill*         0x00000000000204bc        0x4 
 .text.realloc  0x00000000000204c0       0x30 /opt/devkitpro/devkitA64/bin/../lib/gcc/aarch64-none-elf/8.3.0/../../../../aarch64-none-elf/lib/pic/libg.a(lib_a-realloc.o)